Backup space preflight: artifactBytes=21475037184, requiredBytes=44023816192, availableBytes=1640306704384
Quiescing writer services for backup consistency (downtime begins): server
 Container encodingdb-backup-scale-server-1 Stopping
 Container encodingdb-backup-scale-server-1 Stopped
{"ok":true,"artifactCount":40,"derivedMemberCount":0,"publicCorpusGroupCount":0}
{"kind":"backup-inventory-resource-use","cgroupPeakMemoryBytes":57843712,"nodeMaxRssBytes":104206336}
Restarting exact quiesced writer containers: server
Writer quiescence duration seconds: 73
{"kind": "backup-archive-stream", "compressionLevel": 0, "inputBytes": 21474918400, "elapsedSeconds": 98.41493211092893}
PL-v7 backup created: /mnt/NVME/docker/encodingdb-operations/20260914-backup-scale/backups/backup-20260914T031132Z-3476674
Backup supervisor: exit=0, elapsedSeconds=336.348
artifacts.tar.gz: OK
database.dump: OK
inventory.json: OK
{"ok":true,"artifactCount":40,"derivedMemberCount":0,"publicCorpusGroupCount":0}
{"kind":"backup-inventory-resource-use","cgroupPeakMemoryBytes":56782848,"nodeMaxRssBytes":105365504}
PL-v7 isolated restore drill passed
Restore supervisor: exit=0, elapsedSeconds=372.937
	Command being timed: "/bin/bash /mnt/NVME/docker/encodingdb-operations/20260914-backup-scale/tools/scripts/v7-scheduled-backup.sh"
	User time (seconds): 447.32
	System time (seconds): 229.24
	Percent of CPU this job got: 95%
	Elapsed (wall clock) time (h:mm:ss or m:ss): 11:49.53
	Average shared text size (kbytes): 0
	Average unshared data size (kbytes): 0
	Average stack size (kbytes): 0
	Average total size (kbytes): 0
	Maximum resident set size (kbytes): 28160
	Average resident set size (kbytes): 0
	Major (requiring I/O) page faults: 0
	Minor (reclaiming a frame) page faults: 9398690
	Voluntary context switches: 2088465
	Involuntary context switches: 105867
	Swaps: 0
	File system inputs: 317737102
	File system outputs: 83889664
	Socket messages sent: 0
	Socket messages received: 0
	Signals delivered: 0
	Page size (bytes): 4096
	Exit status: 0
