[Linux] Preparing output directory...
verified 7 canonical suite assets
{
  "ffmpegPath": "/mnt/NVME/docker/encodingdb-operations/20260914-native-linux-candidate/runtime/ffmpeg-n8.1.2-51-g7ba069f4f1-linux64-gpl-8.1/bin/ffmpeg",
  "ffprobePath": "/mnt/NVME/docker/encodingdb-operations/20260914-native-linux-candidate/runtime/ffmpeg-n8.1.2-51-g7ba069f4f1-linux64-gpl-8.1/bin/ffprobe",
  "fingerprint": "09d0a493de921e3eb88c245c3e0fbe8312eac87a7032f110d45a3a4a53a53890",
  "lockPath": "/mnt/NVME/docker/encodingdb-operations/20260914-candidate-730de3c/client/resources/runtime/ffmpeg-lock.json",
  "mode": "verified",
  "platform": "linux",
  "stagedRuntimeDir": "/mnt/NVME/docker/encodingdb-operations/20260914-candidate-730de3c/.build/clients/linux/runtime_resources"
}
staged suite resources: /mnt/NVME/docker/encodingdb-operations/20260914-candidate-730de3c/.build/clients/linux/suite_resources/test_suite_v1
suite pack: /mnt/NVME/docker/encodingdb-operations/20260914-candidate-730de3c/encodingdb-test-suite-v1.tar.gz
[Linux] Running PyInstaller...
85 INFO: PyInstaller: 6.19.0, contrib hooks: 2026.7
85 INFO: Python: 3.11.16
87 INFO: Platform: Linux-6.8.0-139-generic-x86_64-with-glibc2.39
87 INFO: Python environment: /mnt/NVME/docker/encodingdb-operations/20260914-candidate-730de3c/.build/clients/linux/venv
88 INFO: wrote /mnt/NVME/docker/encodingdb-operations/20260914-candidate-730de3c/.build/clients/linux/spec/encodingdb-client-linux.spec
89 INFO: Removing temporary files and cleaning cache in /home/ofhd/.cache/pyinstaller
91 INFO: Module search paths (PYTHONPATH):
['/mnt/NVME/docker/encodingdb-operations/20260914-candidate-730de3c',
 '/mnt/NVME/docker/encodingdb-operations/20260914-native-linux-candidate/python/lib/python311.zip',
 '/mnt/NVME/docker/encodingdb-operations/20260914-native-linux-candidate/python/lib/python3.11',
 '/mnt/NVME/docker/encodingdb-operations/20260914-native-linux-candidate/python/lib/python3.11/lib-dynload',
 '/mnt/NVME/docker/encodingdb-operations/20260914-candidate-730de3c/.build/clients/linux/venv/lib/python3.11/site-packages',
 '/mnt/NVME/docker/encodingdb-operations/20260914-candidate-730de3c']
302 INFO: Appending 'datas' from .spec
305 INFO: checking Analysis
305 INFO: Building Analysis because Analysis-00.toc is non existent
305 INFO: Looking for Python shared library...
318 INFO: Using Python shared library: /mnt/NVME/docker/encodingdb-operations/20260914-native-linux-candidate/python/lib/libpython3.11.so.1.0
318 INFO: Running Analysis Analysis-00.toc
319 INFO: Target bytecode optimization level: 0
319 INFO: Initializing module dependency graph...
321 INFO: Initializing module graph hook caches...
347 INFO: Analyzing modules for base_library.zip ...
1287 INFO: Processing standard module hook 'hook-heapq.py' from '/mnt/NVME/docker/encodingdb-operations/20260914-candidate-730de3c/.build/clients/linux/venv/lib/python3.11/site-packages/PyInstaller/hooks'
1413 INFO: Processing standard module hook 'hook-encodings.py' from '/mnt/NVME/docker/encodingdb-operations/20260914-candidate-730de3c/.build/clients/linux/venv/lib/python3.11/site-packages/PyInstaller/hooks'
3844 INFO: Processing standard module hook 'hook-pickle.py' from '/mnt/NVME/docker/encodingdb-operations/20260914-candidate-730de3c/.build/clients/linux/venv/lib/python3.11/site-packages/PyInstaller/hooks'
5879 INFO: Caching module dependency graph...
5928 INFO: Analyzing /mnt/NVME/docker/encodingdb-operations/20260914-candidate-730de3c/client/_pyinstaller_entry.py
6162 INFO: Processing standard module hook 'hook-psutil.py' from '/mnt/NVME/docker/encodingdb-operations/20260914-candidate-730de3c/.build/clients/linux/venv/lib/python3.11/site-packages/_pyinstaller_hooks_contrib/stdhooks'
6210 INFO: Processing standard module hook 'hook-_ctypes.py' from '/mnt/NVME/docker/encodingdb-operations/20260914-candidate-730de3c/.build/clients/linux/venv/lib/python3.11/site-packages/PyInstaller/hooks'
6376 INFO: Processing standard module hook 'hook-platform.py' from '/mnt/NVME/docker/encodingdb-operations/20260914-candidate-730de3c/.build/clients/linux/venv/lib/python3.11/site-packages/PyInstaller/hooks'
6379 INFO: Processing standard module hook 'hook-certifi.py' from '/mnt/NVME/docker/encodingdb-operations/20260914-candidate-730de3c/.build/clients/linux/venv/lib/python3.11/site-packages/_pyinstaller_hooks_contrib/stdhooks'
6574 INFO: Processing standard module hook 'hook-multiprocessing.util.py' from '/mnt/NVME/docker/encodingdb-operations/20260914-candidate-730de3c/.build/clients/linux/venv/lib/python3.11/site-packages/PyInstaller/hooks'
6749 INFO: Processing standard module hook 'hook-xml.py' from '/mnt/NVME/docker/encodingdb-operations/20260914-candidate-730de3c/.build/clients/linux/venv/lib/python3.11/site-packages/PyInstaller/hooks'
7204 INFO: Processing pre-safe-import-module hook 'hook-distutils.py' from '/mnt/NVME/docker/encodingdb-operations/20260914-candidate-730de3c/.build/clients/linux/venv/lib/python3.11/site-packages/PyInstaller/hooks/pre_safe_import_module'
7204 INFO: Processing pre-find-module-path hook 'hook-distutils.py' from '/mnt/NVME/docker/encodingdb-operations/20260914-candidate-730de3c/.build/clients/linux/venv/lib/python3.11/site-packages/PyInstaller/hooks/pre_find_module_path'
7469 INFO: Processing standard module hook 'hook-distutils.py' from '/mnt/NVME/docker/encodingdb-operations/20260914-candidate-730de3c/.build/clients/linux/venv/lib/python3.11/site-packages/PyInstaller/hooks'
7470 INFO: SetuptoolsInfo: initializing cached setuptools info...
11939 INFO: Processing standard module hook 'hook-sysconfig.py' from '/mnt/NVME/docker/encodingdb-operations/20260914-candidate-730de3c/.build/clients/linux/venv/lib/python3.11/site-packages/PyInstaller/hooks'
11989 INFO: Processing standard module hook 'hook-_osx_support.py' from '/mnt/NVME/docker/encodingdb-operations/20260914-candidate-730de3c/.build/clients/linux/venv/lib/python3.11/site-packages/PyInstaller/hooks'
12936 INFO: Processing standard module hook 'hook-urllib3.py' from '/mnt/NVME/docker/encodingdb-operations/20260914-candidate-730de3c/.build/clients/linux/venv/lib/python3.11/site-packages/_pyinstaller_hooks_contrib/stdhooks'
13053 INFO: Processing pre-safe-import-module hook 'hook-backports.py' from '/mnt/NVME/docker/encodingdb-operations/20260914-candidate-730de3c/.build/clients/linux/venv/lib/python3.11/site-packages/PyInstaller/hooks/pre_safe_import_module'
13053 INFO: Setuptools: 'backports' appears to be a full setuptools-vendored copy - creating alias to 'setuptools._vendor.backports'!
13061 INFO: Processing standard module hook 'hook-setuptools.py' from '/mnt/NVME/docker/encodingdb-operations/20260914-candidate-730de3c/.build/clients/linux/venv/lib/python3.11/site-packages/PyInstaller/hooks'
13109 INFO: Processing standard module hook 'hook-distutils.util.py' from '/mnt/NVME/docker/encodingdb-operations/20260914-candidate-730de3c/.build/clients/linux/venv/lib/python3.11/site-packages/PyInstaller/hooks'
13185 INFO: Processing pre-safe-import-module hook 'hook-packaging.py' from '/mnt/NVME/docker/encodingdb-operations/20260914-candidate-730de3c/.build/clients/linux/venv/lib/python3.11/site-packages/PyInstaller/hooks/pre_safe_import_module'
13366 INFO: Processing pre-safe-import-module hook 'hook-typing_extensions.py' from '/mnt/NVME/docker/encodingdb-operations/20260914-candidate-730de3c/.build/clients/linux/venv/lib/python3.11/site-packages/PyInstaller/hooks/pre_safe_import_module'
13366 INFO: Setuptools: 'typing_extensions' appears to be a setuptools-vendored copy - creating alias to 'setuptools._vendor.typing_extensions'!
13610 INFO: Processing pre-safe-import-module hook 'hook-jaraco.py' from '/mnt/NVME/docker/encodingdb-operations/20260914-candidate-730de3c/.build/clients/linux/venv/lib/python3.11/site-packages/PyInstaller/hooks/pre_safe_import_module'
13610 INFO: Setuptools: 'jaraco' appears to be a full setuptools-vendored copy - creating alias to 'setuptools._vendor.jaraco'!
13673 INFO: Processing standard module hook 'hook-setuptools._vendor.jaraco.text.py' from '/mnt/NVME/docker/encodingdb-operations/20260914-candidate-730de3c/.build/clients/linux/venv/lib/python3.11/site-packages/PyInstaller/hooks'
13675 INFO: Processing pre-safe-import-module hook 'hook-importlib_resources.py' from '/mnt/NVME/docker/encodingdb-operations/20260914-candidate-730de3c/.build/clients/linux/venv/lib/python3.11/site-packages/PyInstaller/hooks/pre_safe_import_module'
13685 INFO: Processing pre-safe-import-module hook 'hook-more_itertools.py' from '/mnt/NVME/docker/encodingdb-operations/20260914-candidate-730de3c/.build/clients/linux/venv/lib/python3.11/site-packages/PyInstaller/hooks/pre_safe_import_module'
13685 INFO: Setuptools: 'more_itertools' appears to be a setuptools-vendored copy - creating alias to 'setuptools._vendor.more_itertools'!
14264 INFO: Processing pre-safe-import-module hook 'hook-importlib_metadata.py' from '/mnt/NVME/docker/encodingdb-operations/20260914-candidate-730de3c/.build/clients/linux/venv/lib/python3.11/site-packages/PyInstaller/hooks/pre_safe_import_module'
14264 INFO: Setuptools: 'importlib_metadata' appears to be a setuptools-vendored copy - creating alias to 'setuptools._vendor.importlib_metadata'!
14292 INFO: Processing standard module hook 'hook-setuptools._vendor.importlib_metadata.py' from '/mnt/NVME/docker/encodingdb-operations/20260914-candidate-730de3c/.build/clients/linux/venv/lib/python3.11/site-packages/PyInstaller/hooks'
14293 INFO: Processing pre-safe-import-module hook 'hook-zipp.py' from '/mnt/NVME/docker/encodingdb-operations/20260914-candidate-730de3c/.build/clients/linux/venv/lib/python3.11/site-packages/PyInstaller/hooks/pre_safe_import_module'
14294 INFO: Setuptools: 'zipp' appears to be a setuptools-vendored copy - creating alias to 'setuptools._vendor.zipp'!
14933 INFO: Processing pre-safe-import-module hook 'hook-tomli.py' from '/mnt/NVME/docker/encodingdb-operations/20260914-candidate-730de3c/.build/clients/linux/venv/lib/python3.11/site-packages/PyInstaller/hooks/pre_safe_import_module'
14934 INFO: Setuptools: 'tomli' appears to be a setuptools-vendored copy - creating alias to 'setuptools._vendor.tomli'!
15465 INFO: Processing standard module hook 'hook-pkg_resources.py' from '/mnt/NVME/docker/encodingdb-operations/20260914-candidate-730de3c/.build/clients/linux/venv/lib/python3.11/site-packages/PyInstaller/hooks'
15674 INFO: Processing pre-safe-import-module hook 'hook-platformdirs.py' from '/mnt/NVME/docker/encodingdb-operations/20260914-candidate-730de3c/.build/clients/linux/venv/lib/python3.11/site-packages/PyInstaller/hooks/pre_safe_import_module'
15675 INFO: Setuptools: 'platformdirs' appears to be a setuptools-vendored copy - creating alias to 'setuptools._vendor.platformdirs'!
15982 INFO: Processing pre-safe-import-module hook 'hook-wheel.py' from '/mnt/NVME/docker/encodingdb-operations/20260914-candidate-730de3c/.build/clients/linux/venv/lib/python3.11/site-packages/PyInstaller/hooks/pre_safe_import_module'
15984 INFO: Setuptools: 'wheel' appears to be a setuptools-vendored copy - creating alias to 'setuptools._vendor.wheel'!
16659 INFO: Processing standard module hook 'hook-charset_normalizer.py' from '/mnt/NVME/docker/encodingdb-operations/20260914-candidate-730de3c/.build/clients/linux/venv/lib/python3.11/site-packages/_pyinstaller_hooks_contrib/stdhooks'
17248 INFO: Processing standard module hook 'hook-rich.py' from '/mnt/NVME/docker/encodingdb-operations/20260914-candidate-730de3c/.build/clients/linux/venv/lib/python3.11/site-packages/_pyinstaller_hooks_contrib/stdhooks'
17909 INFO: Processing standard module hook 'hook-pygments.py' from '/mnt/NVME/docker/encodingdb-operations/20260914-candidate-730de3c/.build/clients/linux/venv/lib/python3.11/site-packages/PyInstaller/hooks'
19955 INFO: Processing pre-find-module-path hook 'hook-tkinter.py' from '/mnt/NVME/docker/encodingdb-operations/20260914-candidate-730de3c/.build/clients/linux/venv/lib/python3.11/site-packages/PyInstaller/hooks/pre_find_module_path'
19956 INFO: TclTkInfo: initializing cached Tcl/Tk info...
20259 INFO: Processing standard module hook 'hook-_tkinter.py' from '/mnt/NVME/docker/encodingdb-operations/20260914-candidate-730de3c/.build/clients/linux/venv/lib/python3.11/site-packages/PyInstaller/hooks'
20348 INFO: Processing module hooks (post-graph stage)...
20713 INFO: Processing standard module hook 'hook-difflib.py' from '/mnt/NVME/docker/encodingdb-operations/20260914-candidate-730de3c/.build/clients/linux/venv/lib/python3.11/site-packages/PyInstaller/hooks'
24062 INFO: Processing standard module hook 'hook-_tkinter.py' from '/mnt/NVME/docker/encodingdb-operations/20260914-candidate-730de3c/.build/clients/linux/venv/lib/python3.11/site-packages/PyInstaller/hooks'
24230 INFO: Performing binary vs. data reclassification (216 entries)
24317 INFO: Looking for ctypes DLLs
24752 INFO: Analyzing run-time hooks ...
24758 INFO: Including run-time hook 'pyi_rth_inspect.py' from '/mnt/NVME/docker/encodingdb-operations/20260914-candidate-730de3c/.build/clients/linux/venv/lib/python3.11/site-packages/PyInstaller/hooks/rthooks'
24761 INFO: Including run-time hook 'pyi_rth__tkinter.py' from '/mnt/NVME/docker/encodingdb-operations/20260914-candidate-730de3c/.build/clients/linux/venv/lib/python3.11/site-packages/PyInstaller/hooks/rthooks'
24763 INFO: Including run-time hook 'pyi_rth_setuptools.py' from '/mnt/NVME/docker/encodingdb-operations/20260914-candidate-730de3c/.build/clients/linux/venv/lib/python3.11/site-packages/PyInstaller/hooks/rthooks'
24764 INFO: Including run-time hook 'pyi_rth_pkgutil.py' from '/mnt/NVME/docker/encodingdb-operations/20260914-candidate-730de3c/.build/clients/linux/venv/lib/python3.11/site-packages/PyInstaller/hooks/rthooks'
24766 INFO: Including run-time hook 'pyi_rth_multiprocessing.py' from '/mnt/NVME/docker/encodingdb-operations/20260914-candidate-730de3c/.build/clients/linux/venv/lib/python3.11/site-packages/PyInstaller/hooks/rthooks'
24769 INFO: Including run-time hook 'pyi_rth_pkgres.py' from '/mnt/NVME/docker/encodingdb-operations/20260914-candidate-730de3c/.build/clients/linux/venv/lib/python3.11/site-packages/PyInstaller/hooks/rthooks'
24796 INFO: Creating base_library.zip...
24830 INFO: Looking for dynamic libraries
24925 WARNING: Library not found: could not resolve 'libtcl9.0.so', dependency of '/mnt/NVME/docker/encodingdb-operations/20260914-native-linux-candidate/python/lib/python3.11/lib-dynload/_tkinter.cpython-311-x86_64-linux-gnu.so'.
24925 WARNING: Library not found: could not resolve 'libtcl9tk9.0.so', dependency of '/mnt/NVME/docker/encodingdb-operations/20260914-native-linux-candidate/python/lib/python3.11/lib-dynload/_tkinter.cpython-311-x86_64-linux-gnu.so'.
24937 INFO: Warnings written to /mnt/NVME/docker/encodingdb-operations/20260914-candidate-730de3c/.build/clients/linux/work/encodingdb-client-linux/warn-encodingdb-client-linux.txt
25009 INFO: Graph cross-reference written to /mnt/NVME/docker/encodingdb-operations/20260914-candidate-730de3c/.build/clients/linux/work/encodingdb-client-linux/xref-encodingdb-client-linux.html
25057 INFO: checking PYZ
25058 INFO: Building PYZ because PYZ-00.toc is non existent
25058 INFO: Building PYZ (ZlibArchive) /mnt/NVME/docker/encodingdb-operations/20260914-candidate-730de3c/.build/clients/linux/work/encodingdb-client-linux/PYZ-00.pyz
26061 INFO: Building PYZ (ZlibArchive) /mnt/NVME/docker/encodingdb-operations/20260914-candidate-730de3c/.build/clients/linux/work/encodingdb-client-linux/PYZ-00.pyz completed successfully.
26098 INFO: checking PKG
26098 INFO: Building PKG because PKG-00.toc is non existent
26098 INFO: Building PKG (CArchive) encodingdb-client-linux.pkg
93058 INFO: Building PKG (CArchive) encodingdb-client-linux.pkg completed successfully.
93064 INFO: Bootloader /mnt/NVME/docker/encodingdb-operations/20260914-candidate-730de3c/.build/clients/linux/venv/lib/python3.11/site-packages/PyInstaller/bootloader/Linux-64bit-intel/run
93064 INFO: checking EXE
93065 INFO: Building EXE because EXE-00.toc is non existent
93065 INFO: Building EXE from EXE-00.toc
93065 INFO: Copying bootloader EXE to /mnt/NVME/docker/encodingdb-operations/20260914-candidate-730de3c/.build/clients/linux/dist/encodingdb-client-linux
93065 INFO: Appending PKG archive to custom ELF section in EXE
93858 INFO: Building EXE from EXE-00.toc completed successfully.
93864 INFO: Build complete! The results are available in: /mnt/NVME/docker/encodingdb-operations/20260914-candidate-730de3c/.build/clients/linux/dist
[Linux] Placing executable in repository root...
[Linux] Build-only validation complete; release sidecars require an assigned project version.
[Linux] Build complete: /mnt/NVME/docker/encodingdb-operations/20260914-candidate-730de3c/encodingdb-client-linux
[Linux] Suite pack: /mnt/NVME/docker/encodingdb-operations/20260914-candidate-730de3c/encodingdb-test-suite-v1.tar.gz
[Linux] Hidden build artifacts: /mnt/NVME/docker/encodingdb-operations/20260914-candidate-730de3c/.build/clients/linux
	Command being timed: "bash scripts/build_linux_client.sh"
	User time (seconds): 243.79
	System time (seconds): 21.60
	Percent of CPU this job got: 92%
	Elapsed (wall clock) time (h:mm:ss or m:ss): 4:47.01
	Average shared text size (kbytes): 0
	Average unshared data size (kbytes): 0
	Average stack size (kbytes): 0
	Average total size (kbytes): 0
	Maximum resident set size (kbytes): 197120
	Average resident set size (kbytes): 0
	Major (requiring I/O) page faults: 18
	Minor (reclaiming a frame) page faults: 674944
	Voluntary context switches: 4497
	Involuntary context switches: 15480
	Swaps: 0
	File system inputs: 27689844
	File system outputs: 19030198
	Socket messages sent: 0
	Socket messages received: 0
	Signals delivered: 0
	Page size (bytes): 4096
	Exit status: 0
