 Container encodingdb-candidate-730de3c-db-1 Running 
 Container encodingdb-candidate-730de3c-nginx-1 Running 
 Container encodingdb-candidate-730de3c-server-1 Recreate 
 Container encodingdb-candidate-730de3c-server-1 Recreated 
 Container encodingdb-candidate-730de3c-frontend-1 Recreate 
 Container encodingdb-candidate-730de3c-frontend-1 Recreated 
 Container encodingdb-candidate-730de3c-db-1 Waiting 
 Container encodingdb-candidate-730de3c-db-1 Healthy 
 Container encodingdb-candidate-730de3c-server-1 Starting 
 Container encodingdb-candidate-730de3c-server-1 Started 
 Container encodingdb-candidate-730de3c-frontend-1 Starting 
 Container encodingdb-candidate-730de3c-frontend-1 Started 
 Container encodingdb-candidate-730de3c-frontend-1 Waiting 
 Container encodingdb-candidate-730de3c-frontend-1 Healthy 
 Container encodingdb-candidate-730de3c-nginx-1 Waiting 
 Container encodingdb-candidate-730de3c-db-1 Waiting 
 Container encodingdb-candidate-730de3c-server-1 Waiting 
 Container encodingdb-candidate-730de3c-frontend-1 Waiting 
 Container encodingdb-candidate-730de3c-frontend-1 Healthy 
 Container encodingdb-candidate-730de3c-nginx-1 Healthy 
 Container encodingdb-candidate-730de3c-db-1 Healthy 
 Container encodingdb-candidate-730de3c-server-1 Healthy 
2026/09/20 01:25:07 [notice] 137919#137919: signal process started
