Backup space preflight: artifactBytes=8192, requiredBytes=1073758208, availableBytes=1618786385920
Quiescing writer services for backup consistency (downtime begins): server
 Container encodingdb-candidate-730de3c-server-1 Stopping
 Container encodingdb-candidate-730de3c-server-1 Stopped
{"ok":true,"artifactCount":0,"derivedMemberCount":0,"publicCorpusGroupCount":0}
{"kind":"backup-inventory-resource-use","cgroupPeakMemoryBytes":19955712,"nodeMaxRssBytes":67043328}
Restarting exact quiesced writer containers: server
Writer quiescence duration seconds: 25
{"kind": "backup-archive-stream", "compressionLevel": 0, "inputBytes": 10240, "elapsedSeconds": 0.012628071941435337}
PL-v7 backup created: /mnt/NVME/docker/encodingdb-operations/20260914-candidate-730de3c/cron-backup/backups/backup-20260914T034502Z-3684274
Backup supervisor: exit=0, elapsedSeconds=26.107
artifacts.tar.gz: OK
database.dump: OK
inventory.json: OK
{"ok":true,"artifactCount":0,"derivedMemberCount":0,"publicCorpusGroupCount":0}
{"kind":"backup-inventory-resource-use","cgroupPeakMemoryBytes":19431424,"nodeMaxRssBytes":67764224}
PL-v7 isolated restore drill passed
Restore supervisor: exit=0, elapsedSeconds=6.333
	Command being timed: "/bin/bash /mnt/NVME/docker/encodingdb-operations/20260914-candidate-730de3c/cron-backup/tools/scripts/v7-scheduled-backup.sh"
	User time (seconds): 1.40
	System time (seconds): 1.22
	Percent of CPU this job got: 8%
	Elapsed (wall clock) time (h:mm:ss or m:ss): 0:32.65
	Average shared text size (kbytes): 0
	Average unshared data size (kbytes): 0
	Average stack size (kbytes): 0
	Average total size (kbytes): 0
	Maximum resident set size (kbytes): 29568
	Average resident set size (kbytes): 0
	Major (requiring I/O) page faults: 0
	Minor (reclaiming a frame) page faults: 151414
	Voluntary context switches: 23116
	Involuntary context switches: 348
	Swaps: 0
	File system inputs: 1001
	File system outputs: 20
	Socket messages sent: 0
	Socket messages received: 0
	Signals delivered: 0
	Page size (bytes): 4096
	Exit status: 0
