80 INFO: PyInstaller: 6.19.0, contrib hooks: 2026.7
81 INFO: Python: 3.12.10
95 INFO: Platform: Windows-11-10.0.26200-SP0
96 INFO: Python environment: C:\Users\ofhd\EncodingDB-validation-20260919-939823e\source-939823e\.build\clients\windows\venv
96 INFO: wrote C:\Users\ofhd\EncodingDB-validation-20260919-939823e\source-939823e\.build\clients\windows\spec\encodingdb-client-windows\encodingdb-client-windows.spec
98 INFO: Removing temporary files and cleaning cache in C:\Users\ofhd\AppData\Local\pyinstaller
104 INFO: Module search paths (PYTHONPATH):
['C:\\Users\\ofhd\\EncodingDB-validation-20260919-939823e\\source-939823e',
 'C:\\Users\\ofhd\\AppData\\Local\\Programs\\Python\\Python312\\python312.zip',
 'C:\\Users\\ofhd\\AppData\\Local\\Programs\\Python\\Python312\\DLLs',
 'C:\\Users\\ofhd\\AppData\\Local\\Programs\\Python\\Python312\\Lib',
 'C:\\Users\\ofhd\\AppData\\Local\\Programs\\Python\\Python312',
 'C:\\Users\\ofhd\\EncodingDB-validation-20260919-939823e\\source-939823e\\.build\\clients\\windows\\venv',
 'C:\\Users\\ofhd\\EncodingDB-validation-20260919-939823e\\source-939823e\\.build\\clients\\windows\\venv\\Lib\\site-packages',
 'C:\\Users\\ofhd\\EncodingDB-validation-20260919-939823e\\source-939823e']
306 INFO: Appending 'datas' from .spec
307 INFO: checking Analysis
307 INFO: Building Analysis because Analysis-00.toc is non existent
307 INFO: Looking for Python shared library...
307 INFO: Using Python shared library: C:\Users\ofhd\AppData\Local\Programs\Python\Python312\python312.dll
307 INFO: Running Analysis Analysis-00.toc
307 INFO: Target bytecode optimization level: 0
307 INFO: Initializing module dependency graph...
314 INFO: Initializing module graph hook caches...
332 INFO: Analyzing modules for base_library.zip ...
1106 INFO: Processing standard module hook 'hook-encodings.py' from 'C:\\Users\\ofhd\\EncodingDB-validation-20260919-939823e\\source-939823e\\.build\\clients\\windows\\venv\\Lib\\site-packages\\PyInstaller\\hooks'
2326 INFO: Processing standard module hook 'hook-pickle.py' from 'C:\\Users\\ofhd\\EncodingDB-validation-20260919-939823e\\source-939823e\\.build\\clients\\windows\\venv\\Lib\\site-packages\\PyInstaller\\hooks'
3143 INFO: Processing standard module hook 'hook-heapq.py' from 'C:\\Users\\ofhd\\EncodingDB-validation-20260919-939823e\\source-939823e\\.build\\clients\\windows\\venv\\Lib\\site-packages\\PyInstaller\\hooks'
3953 INFO: Caching module dependency graph...
3973 INFO: Analyzing C:\Users\ofhd\EncodingDB-validation-20260919-939823e\source-939823e\client\_pyinstaller_gui_entry.py
4124 INFO: Processing standard module hook 'hook-psutil.py' from 'C:\\Users\\ofhd\\EncodingDB-validation-20260919-939823e\\source-939823e\\.build\\clients\\windows\\venv\\Lib\\site-packages\\_pyinstaller_hooks_contrib\\stdhooks'
4159 INFO: Processing standard module hook 'hook-_ctypes.py' from 'C:\\Users\\ofhd\\EncodingDB-validation-20260919-939823e\\source-939823e\\.build\\clients\\windows\\venv\\Lib\\site-packages\\PyInstaller\\hooks'
4208 INFO: Processing standard module hook 'hook-platform.py' from 'C:\\Users\\ofhd\\EncodingDB-validation-20260919-939823e\\source-939823e\\.build\\clients\\windows\\venv\\Lib\\site-packages\\PyInstaller\\hooks'
4211 INFO: Processing standard module hook 'hook-certifi.py' from 'C:\\Users\\ofhd\\EncodingDB-validation-20260919-939823e\\source-939823e\\.build\\clients\\windows\\venv\\Lib\\site-packages\\_pyinstaller_hooks_contrib\\stdhooks'
4323 INFO: Processing standard module hook 'hook-multiprocessing.util.py' from 'C:\\Users\\ofhd\\EncodingDB-validation-20260919-939823e\\source-939823e\\.build\\clients\\windows\\venv\\Lib\\site-packages\\PyInstaller\\hooks'
4466 INFO: Processing standard module hook 'hook-xml.py' from 'C:\\Users\\ofhd\\EncodingDB-validation-20260919-939823e\\source-939823e\\.build\\clients\\windows\\venv\\Lib\\site-packages\\PyInstaller\\hooks'
4749 INFO: Processing pre-safe-import-module hook 'hook-distutils.py' from 'C:\\Users\\ofhd\\EncodingDB-validation-20260919-939823e\\source-939823e\\.build\\clients\\windows\\venv\\Lib\\site-packages\\PyInstaller\\hooks\\pre_safe_import_module'
4750 INFO: SetuptoolsInfo: initializing cached setuptools info...
5078 INFO: Processing standard module hook 'hook-setuptools.py' from 'C:\\Users\\ofhd\\EncodingDB-validation-20260919-939823e\\source-939823e\\.build\\clients\\windows\\venv\\Lib\\site-packages\\PyInstaller\\hooks'
5127 INFO: Processing standard module hook 'hook-sysconfig.py' from 'C:\\Users\\ofhd\\EncodingDB-validation-20260919-939823e\\source-939823e\\.build\\clients\\windows\\venv\\Lib\\site-packages\\PyInstaller\\hooks'
5137 INFO: Processing pre-safe-import-module hook 'hook-jaraco.py' from 'C:\\Users\\ofhd\\EncodingDB-validation-20260919-939823e\\source-939823e\\.build\\clients\\windows\\venv\\Lib\\site-packages\\PyInstaller\\hooks\\pre_safe_import_module'
5138 INFO: Setuptools: 'jaraco' appears to be a full setuptools-vendored copy - creating alias to 'setuptools._vendor.jaraco'!
5143 INFO: Processing pre-safe-import-module hook 'hook-more_itertools.py' from 'C:\\Users\\ofhd\\EncodingDB-validation-20260919-939823e\\source-939823e\\.build\\clients\\windows\\venv\\Lib\\site-packages\\PyInstaller\\hooks\\pre_safe_import_module'
5143 INFO: Setuptools: 'more_itertools' appears to be a setuptools-vendored copy - creating alias to 'setuptools._vendor.more_itertools'!
5220 INFO: Processing standard module hook 'hook-_osx_support.py' from 'C:\\Users\\ofhd\\EncodingDB-validation-20260919-939823e\\source-939823e\\.build\\clients\\windows\\venv\\Lib\\site-packages\\PyInstaller\\hooks'
5222 INFO: Processing pre-safe-import-module hook 'hook-typing_extensions.py' from 'C:\\Users\\ofhd\\EncodingDB-validation-20260919-939823e\\source-939823e\\.build\\clients\\windows\\venv\\Lib\\site-packages\\PyInstaller\\hooks\\pre_safe_import_module'
5228 INFO: Processing pre-safe-import-module hook 'hook-packaging.py' from 'C:\\Users\\ofhd\\EncodingDB-validation-20260919-939823e\\source-939823e\\.build\\clients\\windows\\venv\\Lib\\site-packages\\PyInstaller\\hooks\\pre_safe_import_module'
5362 INFO: Processing standard module hook 'hook-setuptools._vendor.jaraco.text.py' from 'C:\\Users\\ofhd\\EncodingDB-validation-20260919-939823e\\source-939823e\\.build\\clients\\windows\\venv\\Lib\\site-packages\\PyInstaller\\hooks'
5363 INFO: Processing pre-safe-import-module hook 'hook-importlib_resources.py' from 'C:\\Users\\ofhd\\EncodingDB-validation-20260919-939823e\\source-939823e\\.build\\clients\\windows\\venv\\Lib\\site-packages\\PyInstaller\\hooks\\pre_safe_import_module'
5545 INFO: Processing pre-safe-import-module hook 'hook-backports.py' from 'C:\\Users\\ofhd\\EncodingDB-validation-20260919-939823e\\source-939823e\\.build\\clients\\windows\\venv\\Lib\\site-packages\\PyInstaller\\hooks\\pre_safe_import_module'
5546 INFO: Setuptools: 'backports' appears to be a full setuptools-vendored copy - creating alias to 'setuptools._vendor.backports'!
5850 INFO: Processing pre-safe-import-module hook 'hook-tomli.py' from 'C:\\Users\\ofhd\\EncodingDB-validation-20260919-939823e\\source-939823e\\.build\\clients\\windows\\venv\\Lib\\site-packages\\PyInstaller\\hooks\\pre_safe_import_module'
5850 INFO: Setuptools: 'tomli' appears to be a setuptools-vendored copy - creating alias to 'setuptools._vendor.tomli'!
6116 INFO: Processing pre-safe-import-module hook 'hook-wheel.py' from 'C:\\Users\\ofhd\\EncodingDB-validation-20260919-939823e\\source-939823e\\.build\\clients\\windows\\venv\\Lib\\site-packages\\PyInstaller\\hooks\\pre_safe_import_module'
6117 INFO: Setuptools: 'wheel' appears to be a setuptools-vendored copy - creating alias to 'setuptools._vendor.wheel'!
6532 INFO: Processing standard module hook 'hook-urllib3.py' from 'C:\\Users\\ofhd\\EncodingDB-validation-20260919-939823e\\source-939823e\\.build\\clients\\windows\\venv\\Lib\\site-packages\\_pyinstaller_hooks_contrib\\stdhooks'
6775 INFO: Processing standard module hook 'hook-charset_normalizer.py' from 'C:\\Users\\ofhd\\EncodingDB-validation-20260919-939823e\\source-939823e\\.build\\clients\\windows\\venv\\Lib\\site-packages\\_pyinstaller_hooks_contrib\\stdhooks'
7042 INFO: Processing standard module hook 'hook-rich.py' from 'C:\\Users\\ofhd\\EncodingDB-validation-20260919-939823e\\source-939823e\\.build\\clients\\windows\\venv\\Lib\\site-packages\\_pyinstaller_hooks_contrib\\stdhooks'
7480 INFO: Processing standard module hook 'hook-pygments.py' from 'C:\\Users\\ofhd\\EncodingDB-validation-20260919-939823e\\source-939823e\\.build\\clients\\windows\\venv\\Lib\\site-packages\\PyInstaller\\hooks'
8698 INFO: Processing pre-find-module-path hook 'hook-tkinter.py' from 'C:\\Users\\ofhd\\EncodingDB-validation-20260919-939823e\\source-939823e\\.build\\clients\\windows\\venv\\Lib\\site-packages\\PyInstaller\\hooks\\pre_find_module_path'
8699 INFO: TclTkInfo: initializing cached Tcl/Tk info...
8923 INFO: Processing standard module hook 'hook-_tkinter.py' from 'C:\\Users\\ofhd\\EncodingDB-validation-20260919-939823e\\source-939823e\\.build\\clients\\windows\\venv\\Lib\\site-packages\\PyInstaller\\hooks'
8972 INFO: Processing module hooks (post-graph stage)...
10236 INFO: Processing standard module hook 'hook-_tkinter.py' from 'C:\\Users\\ofhd\\EncodingDB-validation-20260919-939823e\\source-939823e\\.build\\clients\\windows\\venv\\Lib\\site-packages\\PyInstaller\\hooks'
10245 INFO: Performing binary vs. data reclassification (952 entries)
13196 INFO: Looking for ctypes DLLs
13245 INFO: Analyzing run-time hooks ...
13247 INFO: Including run-time hook 'pyi_rth_inspect.py' from 'C:\\Users\\ofhd\\EncodingDB-validation-20260919-939823e\\source-939823e\\.build\\clients\\windows\\venv\\Lib\\site-packages\\PyInstaller\\hooks\\rthooks'
13249 INFO: Including run-time hook 'pyi_rth__tkinter.py' from 'C:\\Users\\ofhd\\EncodingDB-validation-20260919-939823e\\source-939823e\\.build\\clients\\windows\\venv\\Lib\\site-packages\\PyInstaller\\hooks\\rthooks'
13249 INFO: Including run-time hook 'pyi_rth_pkgutil.py' from 'C:\\Users\\ofhd\\EncodingDB-validation-20260919-939823e\\source-939823e\\.build\\clients\\windows\\venv\\Lib\\site-packages\\PyInstaller\\hooks\\rthooks'
13250 INFO: Including run-time hook 'pyi_rth_setuptools.py' from 'C:\\Users\\ofhd\\EncodingDB-validation-20260919-939823e\\source-939823e\\.build\\clients\\windows\\venv\\Lib\\site-packages\\PyInstaller\\hooks\\rthooks'
13251 INFO: Including run-time hook 'pyi_rth_multiprocessing.py' from 'C:\\Users\\ofhd\\EncodingDB-validation-20260919-939823e\\source-939823e\\.build\\clients\\windows\\venv\\Lib\\site-packages\\PyInstaller\\hooks\\rthooks'
13271 INFO: Creating base_library.zip...
13282 INFO: Looking for dynamic libraries
13639 INFO: Extra DLL search directories (AddDllDirectory): []
13639 INFO: Extra DLL search directories (PATH): []
13891 INFO: Warnings written to C:\Users\ofhd\EncodingDB-validation-20260919-939823e\source-939823e\.build\clients\windows\work\encodingdb-client-windows\encodingdb-client-windows\warn-encodingdb-client-windows.txt
13928 INFO: Graph cross-reference written to C:\Users\ofhd\EncodingDB-validation-20260919-939823e\source-939823e\.build\clients\windows\work\encodingdb-client-windows\encodingdb-client-windows\xref-encodingdb-client-windows.html
13958 INFO: checking PYZ
13958 INFO: Building PYZ because PYZ-00.toc is non existent
13958 INFO: Building PYZ (ZlibArchive) C:\Users\ofhd\EncodingDB-validation-20260919-939823e\source-939823e\.build\clients\windows\work\encodingdb-client-windows\encodingdb-client-windows\PYZ-00.pyz
14396 INFO: Building PYZ (ZlibArchive) C:\Users\ofhd\EncodingDB-validation-20260919-939823e\source-939823e\.build\clients\windows\work\encodingdb-client-windows\encodingdb-client-windows\PYZ-00.pyz completed successfully.
14428 INFO: checking PKG
14428 INFO: Building PKG because PKG-00.toc is non existent
14428 INFO: Building PKG (CArchive) encodingdb-client-windows.pkg
38985 INFO: Building PKG (CArchive) encodingdb-client-windows.pkg completed successfully.
38995 INFO: Bootloader C:\Users\ofhd\EncodingDB-validation-20260919-939823e\source-939823e\.build\clients\windows\venv\Lib\site-packages\PyInstaller\bootloader\Windows-64bit-intel\runw.exe
38995 INFO: checking EXE
38995 INFO: Building EXE because EXE-00.toc is non existent
38995 INFO: Building EXE from EXE-00.toc
38995 INFO: Copying bootloader EXE to C:\Users\ofhd\EncodingDB-validation-20260919-939823e\source-939823e\.build\clients\windows\dist\encodingdb-client-windows.exe
39547 INFO: Copying icon to EXE
39584 INFO: Copying 0 resources to EXE
39584 INFO: Embedding manifest in EXE
39781 INFO: Appending PKG archive to EXE
39853 INFO: Fixing EXE headers
46252 INFO: Building EXE from EXE-00.toc completed successfully.
46262 INFO: Build complete! The results are available in: C:\Users\ofhd\EncodingDB-validation-20260919-939823e\source-939823e\.build\clients\windows\dist
84 INFO: PyInstaller: 6.19.0, contrib hooks: 2026.7
84 INFO: Python: 3.12.10
98 INFO: Platform: Windows-11-10.0.26200-SP0
98 INFO: Python environment: C:\Users\ofhd\EncodingDB-validation-20260919-939823e\source-939823e\.build\clients\windows\venv
99 INFO: wrote C:\Users\ofhd\EncodingDB-validation-20260919-939823e\source-939823e\.build\clients\windows\spec\encodingdb-client-windows-console\encodingdb-client-windows-console.spec
100 INFO: Removing temporary files and cleaning cache in C:\Users\ofhd\AppData\Local\pyinstaller
105 INFO: Module search paths (PYTHONPATH):
['C:\\Users\\ofhd\\EncodingDB-validation-20260919-939823e\\source-939823e',
 'C:\\Users\\ofhd\\AppData\\Local\\Programs\\Python\\Python312\\python312.zip',
 'C:\\Users\\ofhd\\AppData\\Local\\Programs\\Python\\Python312\\DLLs',
 'C:\\Users\\ofhd\\AppData\\Local\\Programs\\Python\\Python312\\Lib',
 'C:\\Users\\ofhd\\AppData\\Local\\Programs\\Python\\Python312',
 'C:\\Users\\ofhd\\EncodingDB-validation-20260919-939823e\\source-939823e\\.build\\clients\\windows\\venv',
 'C:\\Users\\ofhd\\EncodingDB-validation-20260919-939823e\\source-939823e\\.build\\clients\\windows\\venv\\Lib\\site-packages',
 'C:\\Users\\ofhd\\EncodingDB-validation-20260919-939823e\\source-939823e']
284 INFO: Appending 'datas' from .spec
285 INFO: checking Analysis
285 INFO: Building Analysis because Analysis-00.toc is non existent
285 INFO: Looking for Python shared library...
285 INFO: Using Python shared library: C:\Users\ofhd\AppData\Local\Programs\Python\Python312\python312.dll
285 INFO: Running Analysis Analysis-00.toc
285 INFO: Target bytecode optimization level: 0
285 INFO: Initializing module dependency graph...
285 INFO: Initializing module graph hook caches...
295 INFO: Analyzing modules for base_library.zip ...
915 INFO: Processing standard module hook 'hook-heapq.py' from 'C:\\Users\\ofhd\\EncodingDB-validation-20260919-939823e\\source-939823e\\.build\\clients\\windows\\venv\\Lib\\site-packages\\PyInstaller\\hooks'
965 INFO: Processing standard module hook 'hook-encodings.py' from 'C:\\Users\\ofhd\\EncodingDB-validation-20260919-939823e\\source-939823e\\.build\\clients\\windows\\venv\\Lib\\site-packages\\PyInstaller\\hooks'
1899 INFO: Processing standard module hook 'hook-pickle.py' from 'C:\\Users\\ofhd\\EncodingDB-validation-20260919-939823e\\source-939823e\\.build\\clients\\windows\\venv\\Lib\\site-packages\\PyInstaller\\hooks'
2746 INFO: Caching module dependency graph...
2767 INFO: Analyzing C:\Users\ofhd\EncodingDB-validation-20260919-939823e\source-939823e\client\_pyinstaller_entry.py
2883 INFO: Processing standard module hook 'hook-psutil.py' from 'C:\\Users\\ofhd\\EncodingDB-validation-20260919-939823e\\source-939823e\\.build\\clients\\windows\\venv\\Lib\\site-packages\\_pyinstaller_hooks_contrib\\stdhooks'
2905 INFO: Processing standard module hook 'hook-_ctypes.py' from 'C:\\Users\\ofhd\\EncodingDB-validation-20260919-939823e\\source-939823e\\.build\\clients\\windows\\venv\\Lib\\site-packages\\PyInstaller\\hooks'
2946 INFO: Processing standard module hook 'hook-platform.py' from 'C:\\Users\\ofhd\\EncodingDB-validation-20260919-939823e\\source-939823e\\.build\\clients\\windows\\venv\\Lib\\site-packages\\PyInstaller\\hooks'
2948 INFO: Processing standard module hook 'hook-certifi.py' from 'C:\\Users\\ofhd\\EncodingDB-validation-20260919-939823e\\source-939823e\\.build\\clients\\windows\\venv\\Lib\\site-packages\\_pyinstaller_hooks_contrib\\stdhooks'
3035 INFO: Processing standard module hook 'hook-multiprocessing.util.py' from 'C:\\Users\\ofhd\\EncodingDB-validation-20260919-939823e\\source-939823e\\.build\\clients\\windows\\venv\\Lib\\site-packages\\PyInstaller\\hooks'
3113 INFO: Processing standard module hook 'hook-xml.py' from 'C:\\Users\\ofhd\\EncodingDB-validation-20260919-939823e\\source-939823e\\.build\\clients\\windows\\venv\\Lib\\site-packages\\PyInstaller\\hooks'
3279 INFO: Processing pre-safe-import-module hook 'hook-distutils.py' from 'C:\\Users\\ofhd\\EncodingDB-validation-20260919-939823e\\source-939823e\\.build\\clients\\windows\\venv\\Lib\\site-packages\\PyInstaller\\hooks\\pre_safe_import_module'
3280 INFO: SetuptoolsInfo: initializing cached setuptools info...
3608 INFO: Processing standard module hook 'hook-setuptools.py' from 'C:\\Users\\ofhd\\EncodingDB-validation-20260919-939823e\\source-939823e\\.build\\clients\\windows\\venv\\Lib\\site-packages\\PyInstaller\\hooks'
3646 INFO: Processing standard module hook 'hook-sysconfig.py' from 'C:\\Users\\ofhd\\EncodingDB-validation-20260919-939823e\\source-939823e\\.build\\clients\\windows\\venv\\Lib\\site-packages\\PyInstaller\\hooks'
3649 INFO: Processing pre-safe-import-module hook 'hook-jaraco.py' from 'C:\\Users\\ofhd\\EncodingDB-validation-20260919-939823e\\source-939823e\\.build\\clients\\windows\\venv\\Lib\\site-packages\\PyInstaller\\hooks\\pre_safe_import_module'
3649 INFO: Setuptools: 'jaraco' appears to be a full setuptools-vendored copy - creating alias to 'setuptools._vendor.jaraco'!
3654 INFO: Processing pre-safe-import-module hook 'hook-more_itertools.py' from 'C:\\Users\\ofhd\\EncodingDB-validation-20260919-939823e\\source-939823e\\.build\\clients\\windows\\venv\\Lib\\site-packages\\PyInstaller\\hooks\\pre_safe_import_module'
3654 INFO: Setuptools: 'more_itertools' appears to be a setuptools-vendored copy - creating alias to 'setuptools._vendor.more_itertools'!
3726 INFO: Processing standard module hook 'hook-_osx_support.py' from 'C:\\Users\\ofhd\\EncodingDB-validation-20260919-939823e\\source-939823e\\.build\\clients\\windows\\venv\\Lib\\site-packages\\PyInstaller\\hooks'
3728 INFO: Processing pre-safe-import-module hook 'hook-typing_extensions.py' from 'C:\\Users\\ofhd\\EncodingDB-validation-20260919-939823e\\source-939823e\\.build\\clients\\windows\\venv\\Lib\\site-packages\\PyInstaller\\hooks\\pre_safe_import_module'
3735 INFO: Processing pre-safe-import-module hook 'hook-packaging.py' from 'C:\\Users\\ofhd\\EncodingDB-validation-20260919-939823e\\source-939823e\\.build\\clients\\windows\\venv\\Lib\\site-packages\\PyInstaller\\hooks\\pre_safe_import_module'
3882 INFO: Processing standard module hook 'hook-setuptools._vendor.jaraco.text.py' from 'C:\\Users\\ofhd\\EncodingDB-validation-20260919-939823e\\source-939823e\\.build\\clients\\windows\\venv\\Lib\\site-packages\\PyInstaller\\hooks'
3883 INFO: Processing pre-safe-import-module hook 'hook-importlib_resources.py' from 'C:\\Users\\ofhd\\EncodingDB-validation-20260919-939823e\\source-939823e\\.build\\clients\\windows\\venv\\Lib\\site-packages\\PyInstaller\\hooks\\pre_safe_import_module'
3985 INFO: Processing pre-safe-import-module hook 'hook-backports.py' from 'C:\\Users\\ofhd\\EncodingDB-validation-20260919-939823e\\source-939823e\\.build\\clients\\windows\\venv\\Lib\\site-packages\\PyInstaller\\hooks\\pre_safe_import_module'
3985 INFO: Setuptools: 'backports' appears to be a full setuptools-vendored copy - creating alias to 'setuptools._vendor.backports'!
4267 INFO: Processing pre-safe-import-module hook 'hook-tomli.py' from 'C:\\Users\\ofhd\\EncodingDB-validation-20260919-939823e\\source-939823e\\.build\\clients\\windows\\venv\\Lib\\site-packages\\PyInstaller\\hooks\\pre_safe_import_module'
4267 INFO: Setuptools: 'tomli' appears to be a setuptools-vendored copy - creating alias to 'setuptools._vendor.tomli'!
4526 INFO: Processing pre-safe-import-module hook 'hook-wheel.py' from 'C:\\Users\\ofhd\\EncodingDB-validation-20260919-939823e\\source-939823e\\.build\\clients\\windows\\venv\\Lib\\site-packages\\PyInstaller\\hooks\\pre_safe_import_module'
4527 INFO: Setuptools: 'wheel' appears to be a setuptools-vendored copy - creating alias to 'setuptools._vendor.wheel'!
4859 INFO: Processing standard module hook 'hook-urllib3.py' from 'C:\\Users\\ofhd\\EncodingDB-validation-20260919-939823e\\source-939823e\\.build\\clients\\windows\\venv\\Lib\\site-packages\\_pyinstaller_hooks_contrib\\stdhooks'
5106 INFO: Processing standard module hook 'hook-charset_normalizer.py' from 'C:\\Users\\ofhd\\EncodingDB-validation-20260919-939823e\\source-939823e\\.build\\clients\\windows\\venv\\Lib\\site-packages\\_pyinstaller_hooks_contrib\\stdhooks'
5324 INFO: Processing standard module hook 'hook-rich.py' from 'C:\\Users\\ofhd\\EncodingDB-validation-20260919-939823e\\source-939823e\\.build\\clients\\windows\\venv\\Lib\\site-packages\\_pyinstaller_hooks_contrib\\stdhooks'
5729 INFO: Processing standard module hook 'hook-pygments.py' from 'C:\\Users\\ofhd\\EncodingDB-validation-20260919-939823e\\source-939823e\\.build\\clients\\windows\\venv\\Lib\\site-packages\\PyInstaller\\hooks'
6902 INFO: Processing pre-find-module-path hook 'hook-tkinter.py' from 'C:\\Users\\ofhd\\EncodingDB-validation-20260919-939823e\\source-939823e\\.build\\clients\\windows\\venv\\Lib\\site-packages\\PyInstaller\\hooks\\pre_find_module_path'
6903 INFO: TclTkInfo: initializing cached Tcl/Tk info...
7102 INFO: Processing standard module hook 'hook-_tkinter.py' from 'C:\\Users\\ofhd\\EncodingDB-validation-20260919-939823e\\source-939823e\\.build\\clients\\windows\\venv\\Lib\\site-packages\\PyInstaller\\hooks'
7131 INFO: Processing module hooks (post-graph stage)...
8354 INFO: Processing standard module hook 'hook-_tkinter.py' from 'C:\\Users\\ofhd\\EncodingDB-validation-20260919-939823e\\source-939823e\\.build\\clients\\windows\\venv\\Lib\\site-packages\\PyInstaller\\hooks'
8364 INFO: Performing binary vs. data reclassification (952 entries)
8423 INFO: Looking for ctypes DLLs
8471 INFO: Analyzing run-time hooks ...
8474 INFO: Including run-time hook 'pyi_rth_inspect.py' from 'C:\\Users\\ofhd\\EncodingDB-validation-20260919-939823e\\source-939823e\\.build\\clients\\windows\\venv\\Lib\\site-packages\\PyInstaller\\hooks\\rthooks'
8475 INFO: Including run-time hook 'pyi_rth__tkinter.py' from 'C:\\Users\\ofhd\\EncodingDB-validation-20260919-939823e\\source-939823e\\.build\\clients\\windows\\venv\\Lib\\site-packages\\PyInstaller\\hooks\\rthooks'
8476 INFO: Including run-time hook 'pyi_rth_pkgutil.py' from 'C:\\Users\\ofhd\\EncodingDB-validation-20260919-939823e\\source-939823e\\.build\\clients\\windows\\venv\\Lib\\site-packages\\PyInstaller\\hooks\\rthooks'
8477 INFO: Including run-time hook 'pyi_rth_setuptools.py' from 'C:\\Users\\ofhd\\EncodingDB-validation-20260919-939823e\\source-939823e\\.build\\clients\\windows\\venv\\Lib\\site-packages\\PyInstaller\\hooks\\rthooks'
8478 INFO: Including run-time hook 'pyi_rth_multiprocessing.py' from 'C:\\Users\\ofhd\\EncodingDB-validation-20260919-939823e\\source-939823e\\.build\\clients\\windows\\venv\\Lib\\site-packages\\PyInstaller\\hooks\\rthooks'
8497 INFO: Creating base_library.zip...
8508 INFO: Looking for dynamic libraries
8824 INFO: Extra DLL search directories (AddDllDirectory): []
8824 INFO: Extra DLL search directories (PATH): []
9052 INFO: Warnings written to C:\Users\ofhd\EncodingDB-validation-20260919-939823e\source-939823e\.build\clients\windows\work\encodingdb-client-windows-console\encodingdb-client-windows-console\warn-encodingdb-client-windows-console.txt
9094 INFO: Graph cross-reference written to C:\Users\ofhd\EncodingDB-validation-20260919-939823e\source-939823e\.build\clients\windows\work\encodingdb-client-windows-console\encodingdb-client-windows-console\xref-encodingdb-client-windows-console.html
9124 INFO: checking PYZ
9124 INFO: Building PYZ because PYZ-00.toc is non existent
9124 INFO: Building PYZ (ZlibArchive) C:\Users\ofhd\EncodingDB-validation-20260919-939823e\source-939823e\.build\clients\windows\work\encodingdb-client-windows-console\encodingdb-client-windows-console\PYZ-00.pyz
9555 INFO: Building PYZ (ZlibArchive) C:\Users\ofhd\EncodingDB-validation-20260919-939823e\source-939823e\.build\clients\windows\work\encodingdb-client-windows-console\encodingdb-client-windows-console\PYZ-00.pyz completed successfully.
9577 INFO: checking PKG
9577 INFO: Building PKG because PKG-00.toc is non existent
9577 INFO: Building PKG (CArchive) encodingdb-client-windows-console.pkg
34077 INFO: Building PKG (CArchive) encodingdb-client-windows-console.pkg completed successfully.
34088 INFO: Bootloader C:\Users\ofhd\EncodingDB-validation-20260919-939823e\source-939823e\.build\clients\windows\venv\Lib\site-packages\PyInstaller\bootloader\Windows-64bit-intel\run.exe
34088 INFO: checking EXE
34089 INFO: Building EXE because EXE-00.toc is non existent
34089 INFO: Building EXE from EXE-00.toc
34089 INFO: Copying bootloader EXE to C:\Users\ofhd\EncodingDB-validation-20260919-939823e\source-939823e\.build\clients\windows\dist\encodingdb-client-windows-console.exe
34143 INFO: Copying icon to EXE
34173 INFO: Copying 0 resources to EXE
34173 INFO: Embedding manifest in EXE
34199 INFO: Appending PKG archive to EXE
34265 INFO: Fixing EXE headers
34684 INFO: Building EXE from EXE-00.toc completed successfully.
34695 INFO: Build complete! The results are available in: C:\Users\ofhd\EncodingDB-validation-20260919-939823e\source-939823e\.build\clients\windows\dist
runtime_lock: C:\Users\ofhd\EncodingDB-validation-20260919-939823e\source-939823e\encodingdb-client-windows.exe.runtime-lock.json
release_manifest: C:\Users\ofhd\EncodingDB-validation-20260919-939823e\source-939823e\encodingdb-client-windows.exe.release-manifest.json
signing: C:\Users\ofhd\EncodingDB-validation-20260919-939823e\source-939823e\encodingdb-client-windows.exe.signing.json
smoke: C:\Users\ofhd\EncodingDB-validation-20260919-939823e\source-939823e\encodingdb-client-windows.exe.smoke.json
sha256sums: C:\Users\ofhd\EncodingDB-validation-20260919-939823e\source-939823e\encodingdb-client-windows.exe.SHA256SUMS
runtime_lock: C:\Users\ofhd\EncodingDB-validation-20260919-939823e\source-939823e\encodingdb-client-windows-console.exe.runtime-lock.json
release_manifest: C:\Users\ofhd\EncodingDB-validation-20260919-939823e\source-939823e\encodingdb-client-windows-console.exe.release-manifest.json
signing: C:\Users\ofhd\EncodingDB-validation-20260919-939823e\source-939823e\encodingdb-client-windows-console.exe.signing.json
smoke: C:\Users\ofhd\EncodingDB-validation-20260919-939823e\source-939823e\encodingdb-client-windows-console.exe.smoke.json
sha256sums: C:\Users\ofhd\EncodingDB-validation-20260919-939823e\source-939823e\encodingdb-client-windows-console.exe.SHA256SUMS
altgraph==0.17.5
certifi==2026.7.22
charset-normalizer==3.5.1
GPUtil==1.4.0
idna==3.20
markdown-it-py==4.2.0
mdurl==0.1.2
nvidia-ml-py==13.590.48
packaging==26.3
pefile==2024.8.26
pip==25.0.1
psutil==7.2.2
py-cpuinfo==9.0.0
Pygments==2.21.0
pyinstaller==6.19.0
pyinstaller-hooks-contrib==2026.7
pywin32-ctypes==0.2.3
requests==2.33.0
rich==14.3.2
setuptools==84.0.0
urllib3==2.8.0
