........................................................................ [  9%]
........................................................................ [ 19%]
........................................................................ [ 29%]
........................................................................ [ 39%]
........................................................................ [ 49%]
........................................................................ [ 59%]
........................................................................ [ 69%]
........................................................................ [ 78%]
........................................................................ [ 88%]
..............----------------------------------------
Exception occurred during processing of request from ('127.0.0.1', 60516)
.Traceback (most recent call last):
  File "/opt/homebrew/Cellar/python@3.11/3.11.15_4/Frameworks/Python.framework/Versions/3.11/lib/python3.11/socketserver.py", line 691, in process_request_thread
    self.finish_request(request, client_address)
  File "/opt/homebrew/Cellar/python@3.11/3.11.15_4/Frameworks/Python.framework/Versions/3.11/lib/python3.11/socketserver.py", line 361, in finish_request
    self.RequestHandlerClass(request, client_address, self)
  File "/opt/homebrew/Cellar/python@3.11/3.11.15_4/Frameworks/Python.framework/Versions/3.11/lib/python3.11/socketserver.py", line 755, in __init__
    self.handle()
......................................................... [ 98%]
..........                                                               [100%]
730 passed in 287.66s (0:04:47)
