TAP version 13
# Subtest: evidence serialization preserves exact Prisma memory integers
ok 1 - evidence serialization preserves exact Prisma memory integers
  ---
  duration_ms: 0.452792
  type: 'test'
  ...
# Subtest: accepts a complete unscored evidence snapshot
ok 2 - accepts a complete unscored evidence snapshot
  ---
  duration_ms: 0.724417
  type: 'test'
  ...
# Subtest: rejects synthetic references
ok 3 - rejects synthetic references
  ---
  duration_ms: 0.227666
  type: 'test'
  ...
# Subtest: rejects missing repeated measurements
ok 4 - rejects missing repeated measurements
  ---
  duration_ms: 0.086541
  type: 'test'
  ...
# Subtest: rejects changed canonical hash
ok 5 - rejects changed canonical hash
  ---
  duration_ms: 0.139916
  type: 'test'
  ...
# Subtest: rejects missing retained bytes
ok 6 - rejects missing retained bytes
  ---
  duration_ms: 0.085084
  type: 'test'
  ...
# Subtest: rejects incomplete frame distribution
ok 7 - rejects incomplete frame distribution
  ---
  duration_ms: 0.118667
  type: 'test'
  ...
# Subtest: rejects generic schema rejection
ok 8 - rejects generic schema rejection
  ---
  duration_ms: 0.072292
  type: 'test'
  ...
# Subtest: rejects accepted legacy run
ok 9 - rejects accepted legacy run
  ---
  duration_ms: 0.239916
  type: 'test'
  ...
# Subtest: rejects PL path enabled
ok 10 - rejects PL path enabled
  ---
  duration_ms: 0.285792
  type: 'test'
  ...
# Subtest: rejects PL context enabled
ok 11 - rejects PL context enabled
  ---
  duration_ms: 0.15075
  type: 'test'
  ...
# Subtest: rejects PL unexpectedly available
ok 12 - rejects PL unexpectedly available
  ---
  duration_ms: 0.091458
  type: 'test'
  ...
# Subtest: rejects frontend missing row
ok 13 - rejects frontend missing row
  ---
  duration_ms: 0.078708
  type: 'test'
  ...
# Subtest: rejects unrecovered interruption
ok 14 - rejects unrecovered interruption
  ---
  duration_ms: 0.099875
  type: 'test'
  ...
# Subtest: rejects failed reanalysis idempotence
ok 15 - rejects failed reanalysis idempotence
  ---
  duration_ms: 0.067042
  type: 'test'
  ...
# Subtest: all seven invocations submit explicitly, cannot consume clip-list stdin, and ignore retained nested audit JSON
ok 16 - all seven invocations submit explicitly, cannot consume clip-list stdin, and ignore retained nested audit JSON
  ---
  duration_ms: 460.82
  type: 'test'
  ...
# Subtest: the predeclared native rate point is passed unchanged to every clip
ok 17 - the predeclared native rate point is passed unchanged to every clip
  ---
  duration_ms: 219.800875
  type: 'test'
  ...
# Subtest: pending root submission JSON still fails certification
ok 18 - pending root submission JSON still fails certification
  ---
  duration_ms: 378.092625
  type: 'test'
  ...
# Subtest: fewer than seven processed IDs fails certification
ok 19 - fewer than seven processed IDs fails certification
  ---
  duration_ms: 260.308875
  type: 'test'
  ...
# Subtest: empty clip IDs fail before invoking client
ok 20 - empty clip IDs fail before invoking client
  ---
  duration_ms: 122.924084
  type: 'test'
  ...
# {"time":"2026-09-14T00:59:31.504Z","level":"info","id":"9a316c4f-7c0f-4b89-ab13-8b0f95475a60","method":"POST","url":"/submit","status":401,"length":"35","responseMs":7.227,"userAgent":"node","remoteAddr":"127.0.0.1"}
# {"time":"2026-09-14T00:59:31.509Z","level":"info","id":"a3b7162f-f5ea-4abd-9616-642a24bb216f","method":"GET","url":"/submit-token","status":200,"length":"84","responseMs":0.47,"userAgent":"node","remoteAddr":"127.0.0.1"}
# {"time":"2026-09-14T00:59:31.521Z","level":"info","id":"d46a01d2-26fe-40a0-9d9c-15643802f31a","method":"POST","url":"/submit","status":400,"length":"501","responseMs":10.008,"userAgent":"node","remoteAddr":"127.0.0.1"}
# {"time":"2026-09-14T00:59:31.618Z","level":"info","id":"9312b3d6-741e-4b51-ba2b-90f0c6ffcc65","method":"POST","url":"/submit","status":400,"length":"501","responseMs":3.829,"userAgent":"node","remoteAddr":"127.0.0.1"}
# Subtest: hybrid rejects unsigned requests and accepts token or HMAC authentication
ok 21 - hybrid rejects unsigned requests and accepts token or HMAC authentication
  ---
  duration_ms: 206.354916
  type: 'test'
  ...
# Subtest: invalid INGEST_MODE fails module startup
ok 22 - invalid INGEST_MODE fails module startup
  ---
  duration_ms: 333.555917
  type: 'test'
  ...
# {"time":"2026-09-14T00:59:31.426Z","level":"info","id":"c800b4d6-be52-4004-86a3-b3df6e8f2c04","method":"GET","url":"/submit-token","status":200,"length":"84","responseMs":3.645,"userAgent":"rotating-agent-0","remoteAddr":"127.0.0.1"}
# {"time":"2026-09-14T00:59:31.431Z","level":"info","id":"ea0ccff2-c5ff-4e62-9d51-89962c400528","method":"GET","url":"/submit/token","status":200,"length":"84","responseMs":0.419,"userAgent":"rotating-agent-1","remoteAddr":"127.0.0.1"}
# {"time":"2026-09-14T00:59:31.436Z","level":"info","id":"6ba1df95-3ba1-40db-a32c-39de93151e5e","method":"GET","url":"/health/token","status":429,"length":"42","responseMs":0.953,"userAgent":"rotating-agent-2","remoteAddr":"127.0.0.1"}
# Subtest: all token aliases share an IP-only issuance ceiling
ok 23 - all token aliases share an IP-only issuance ceiling
  ---
  duration_ms: 65.645333
  type: 'test'
  ...
# {"time":"2026-09-14T00:59:31.492Z","level":"info","id":"1fdb8aa2-a9ef-429e-b936-e319706a7538","method":"POST","url":"/submit","status":400,"length":"501","responseMs":31.946,"userAgent":"rotating-agent-0","remoteAddr":"127.0.0.1"}
# {"time":"2026-09-14T00:59:31.526Z","level":"info","id":"4b3371cc-b0d8-45d7-8122-7347bb55c11c","method":"POST","url":"/submit","status":400,"length":"501","responseMs":0.856,"userAgent":"rotating-agent-1","remoteAddr":"127.0.0.1"}
# {"time":"2026-09-14T00:59:31.532Z","level":"info","id":"001f0aae-13fb-4e14-8e56-ce11476af4cb","method":"POST","url":"/submit","status":429,"length":"42","responseMs":0.824,"userAgent":"rotating-agent-2","remoteAddr":"127.0.0.1"}
# Subtest: rotating User-Agent does not bypass submit ceiling
ok 24 - rotating User-Agent does not bypass submit ceiling
  ---
  duration_ms: 93.166083
  type: 'test'
  ...
# {"time":"2026-09-14T00:59:31.666Z","level":"info","id":"1406eb9d-7996-4795-ac85-0fdd6477a95e","method":"GET","url":"/submit","status":405,"length":"30","responseMs":38.373,"userAgent":"node","remoteAddr":"127.0.0.1"}
# Subtest: GET /submit with token header remains method-guarded (auth applies to POST only)
ok 25 - GET /submit with token header remains method-guarded (auth applies to POST only)
  ---
  duration_ms: 258.47425
  type: 'test'
  ...
# {"time":"2026-09-14T00:59:31.716Z","level":"info","id":"f13bbeb1-3754-48d8-a1e9-e23abaf60f62","method":"POST","url":"/submit","status":400,"length":"501","responseMs":5.791,"userAgent":"node","remoteAddr":"127.0.0.1"}
# Subtest: public mode permits unsigned POSTs to reach payload validation
ok 26 - public mode permits unsigned POSTs to reach payload validation
  ---
  duration_ms: 21.892792
  type: 'test'
  ...
# {"time":"2026-09-14T00:59:31.719Z","level":"info","id":"5bc0c378-20fc-42f0-a887-5598c1bde809","method":"GET","url":"/submit-token","status":200,"length":"84","responseMs":0.403,"userAgent":"node","remoteAddr":"127.0.0.1"}
# {"time":"2026-09-14T00:59:31.723Z","level":"info","id":"17de74d5-9b1e-43fc-a588-03f1ae298068","method":"POST","url":"/submit","status":400,"length":"501","responseMs":0.758,"userAgent":"node","remoteAddr":"127.0.0.1"}
# {"time":"2026-09-14T00:59:31.731Z","level":"info","id":"61663b82-33dd-48e0-802c-5cd622cf04e9","method":"POST","url":"/submit","status":400,"length":"501","responseMs":0.603,"userAgent":"node","remoteAddr":"127.0.0.1"}
# Subtest: token is released after validation failure and can be retried
ok 27 - token is released after validation failure and can be retried
  ---
  duration_ms: 14.904625
  type: 'test'
  ...
# {"time":"2026-09-14T00:59:31.498Z","level":"info","id":"38283e2d-82fe-4f55-a228-bdde93f2e2f3","method":"GET","url":"/submit-token","status":200,"length":"84","responseMs":18.524,"userAgent":"node","remoteAddr":"127.0.0.1"}
# {"time":"2026-09-14T00:59:31.510Z","level":"info","id":"d14be8d5-0614-4bb6-985a-2f8b2ee9a04f","method":"POST","url":"/submit","status":401,"length":"29","responseMs":3.062,"userAgent":"node","remoteAddr":"127.0.0.1"}
# {"time":"2026-09-14T00:59:31.625Z","level":"info","id":"427b7047-3469-4978-ba6e-c221b417754c","method":"POST","url":"/submit","status":400,"length":"501","responseMs":18.372,"userAgent":"node","remoteAddr":"127.0.0.1"}
# Subtest: signed mode rejects tokens and accepts only a valid HMAC
ok 28 - signed mode rejects tokens and accepts only a valid HMAC
  ---
  duration_ms: 205.586625
  type: 'test'
  ...
# Subtest: packaged client and authoritative server agree exactly on real artifact packet bytes
ok 29 - packaged client and authoritative server agree exactly on real artifact packet bytes
  ---
  duration_ms: 771.649834
  type: 'test'
  ...
# Subtest: PL v7 is fixed, bounded, monotonic, and dominance-safe
ok 30 - PL v7 is fixed, bounded, monotonic, and dominance-safe
  ---
  duration_ms: 3.841333
  type: 'test'
  ...
# Subtest: PL v7 refuses incomplete evidence and invalid contexts
ok 31 - PL v7 refuses incomplete evidence and invalid contexts
  ---
  duration_ms: 0.104667
  type: 'test'
  ...
# Subtest: reference contexts are explicit and versioned outside the candidate set
ok 32 - reference contexts are explicit and versioned outside the candidate set
  ---
  duration_ms: 0.085667
  type: 'test'
  ...
# Subtest: execution plan pins VMAF v1 analysis context and canonical input order
ok 33 - execution plan pins VMAF v1 analysis context and canonical input order
  ---
  duration_ms: 0.490292
  type: 'test'
  ...
# Subtest: pristine fixture yields high mean, high P5, and deterministic diagnostics provenance
ok 34 - pristine fixture yields high mean, high P5, and deterministic diagnostics provenance
  ---
  duration_ms: 2.08325
  type: 'test'
  ...
# Subtest: intentionally degraded fixture remains internally consistent and lowers canonical quality
ok 35 - intentionally degraded fixture remains internally consistent and lowers canonical quality
  ---
  duration_ms: 0.259708
  type: 'test'
  ...
# Subtest: localized bad segment drops P5 and V_PL much harder than the mean
ok 36 - localized bad segment drops P5 and V_PL much harder than the mean
  ---
  duration_ms: 0.238959
  type: 'test'
  ...
# Subtest: reversed-reference fixture is rejected before canonical analysis parsing
ok 37 - reversed-reference fixture is rejected before canonical analysis parsing
  ---
  duration_ms: 0.17625
  type: 'test'
  ...
# Subtest: diagnostic parsers stay deterministic for finite and inf-style outputs
ok 38 - diagnostic parsers stay deterministic for finite and inf-style outputs
  ---
  duration_ms: 0.167166
  type: 'test'
  ...
# Subtest: XPSNR parser accepts the pinned FFmpeg component/minimum summary
ok 39 - XPSNR parser accepts the pinned FFmpeg component/minimum summary
  ---
  duration_ms: 0.165667
  type: 'test'
  ...
# Subtest: reference context generation is deterministic and order-invariant
ok 40 - reference context generation is deterministic and order-invariant
  ---
  duration_ms: 11.574667
  type: 'test'
  ...
# Subtest: reference context generation rejects workloads whose frontier cannot bracket VMAF 90
ok 41 - reference context generation rejects workloads whose frontier cannot bracket VMAF 90
  ---
  duration_ms: 0.653291
  type: 'test'
  ...
# Subtest: recomputation is invariant to unrelated rows and preserves environment scope
ok 42 - recomputation is invariant to unrelated rows and preserves environment scope
  ---
  duration_ms: 2.289458
  type: 'test'
  ...
# Subtest: general PL requires full equal-class coverage and stays hardware-scoped
ok 43 - general PL requires full equal-class coverage and stays hardware-scoped
  ---
  duration_ms: 0.519917
  type: 'test'
  ...
# Subtest: retained authoritative evidence generation is deterministic and retains provenance IDs and hashes
ok 44 - retained authoritative evidence generation is deterministic and retains provenance IDs and hashes
  ---
  duration_ms: 25.21975
  type: 'test'
  ...
# Subtest: retained evidence cannot be promoted with the checked-in incomplete PLA-87 pilot
ok 45 - retained evidence cannot be promoted with the checked-in incomplete PLA-87 pilot
  ---
  duration_ms: 9.337334
  type: 'test'
  ...
# Subtest: legacy checkbox calibration with overlapping folds and unrelated frontier IDs is rejected
ok 46 - legacy checkbox calibration with overlapping folds and unrelated frontier IDs is rejected
  ---
  duration_ms: 6.242375
  type: 'test'
  ...
# Subtest: loadRetainedReferenceEvidence selects retained ENCODED artifacts plus latest authoritative analyses
ok 47 - loadRetainedReferenceEvidence selects retained ENCODED artifacts plus latest authoritative analyses
  ---
  duration_ms: 0.309375
  type: 'test'
  ...
# Subtest: score-context seeds include workload and GENERAL rows and reject provisional activation by default
ok 48 - score-context seeds include workload and GENERAL rows and reject provisional activation by default
  ---
  duration_ms: 0.606125
  type: 'test'
  ...
# Subtest: persistGeneralDerivedResultFromWorkloadEvidence persists GENERAL only with complete workload coverage
ok 49 - persistGeneralDerivedResultFromWorkloadEvidence persists GENERAL only with complete workload coverage
  ---
  duration_ms: 1.1205
  type: 'test'
  ...
# Subtest: GET /test-videos returns the seven-clip manifest-backed catalog
ok 50 - GET /test-videos returns the seven-clip manifest-backed catalog
  ---
  duration_ms: 213.067708
  type: 'test'
  ...
# Subtest: Method guard: GET /submit is 405 with Allow=POST
ok 51 - Method guard: GET /submit is 405 with Allow=POST
  ---
  duration_ms: 15.939917
  type: 'test'
  ...
# Subtest: Method guard: POST /query is 405 with Allow=GET, HEAD
ok 52 - Method guard: POST /query is 405 with Allow=GET, HEAD
  ---
  duration_ms: 51.894
  type: 'test'
  ...
# Subtest: buildPublicCorpusWhere scopes direct V7 evidence filters
ok 53 - buildPublicCorpusWhere scopes direct V7 evidence filters
  ---
  duration_ms: 0.211333
  type: 'test'
  ...
# Subtest: buildPublicCorpusOrderBy supports V7 public sort keys only
ok 54 - buildPublicCorpusOrderBy supports V7 public sort keys only
  ---
  duration_ms: 0.107959
  type: 'test'
  ...
# Subtest: GET /corpus returns unscored rows from direct retained evidence when no ScoreContext or DerivedResult exists
ok 55 - GET /corpus returns unscored rows from direct retained evidence when no ScoreContext or DerivedResult exists
  ---
  duration_ms: 4.625625
  type: 'test'
  ...
# Subtest: GET /query rejects categorical telemetry filters on mixed aggregates
ok 56 - GET /query rejects categorical telemetry filters on mixed aggregates
  ---
  duration_ms: 12.835916
  type: 'test'
  ...
# Subtest: POST /submit rejects invalid payloads with 400
ok 57 - POST /submit rejects invalid payloads with 400
  ---
  duration_ms: 7.0395
  type: 'test'
  ...
# Subtest: POST /submit rejects non-single-pass payloads
ok 58 - POST /submit rejects non-single-pass payloads
  ---
  duration_ms: 1.785292
  type: 'test'
  ...
# Subtest: buildSubmissionPayloadHash changes when telemetry changes
ok 59 - buildSubmissionPayloadHash changes when telemetry changes
  ---
  duration_ms: 0.339583
  type: 'test'
  ...
# Subtest: buildSubmissionPayloadHash changes when content dimensions change
ok 60 - buildSubmissionPayloadHash changes when content dimensions change
  ---
  duration_ms: 0.082292
  type: 'test'
  ...
# Subtest: DEFAULT_QUERY_LIMIT is sane
ok 61 - DEFAULT_QUERY_LIMIT is sane
  ---
  duration_ms: 0.02875
  type: 'test'
  ...
# Subtest: aggregate sample count is an allowed workbench sort
ok 62 - aggregate sample count is an allowed workbench sort
  ---
  duration_ms: 0.022542
  type: 'test'
  ...
# Subtest: TEST_VIDEO_CATALOG has no placeholders
ok 63 - TEST_VIDEO_CATALOG has no placeholders
  ---
  duration_ms: 0.094166
  type: 'test'
  ...
# Subtest: normalizeCpuFreqMHz converts GHz-like values and drops invalid telemetry
ok 64 - normalizeCpuFreqMHz converts GHz-like values and drops invalid telemetry
  ---
  duration_ms: 0.062583
  type: 'test'
  ...
# Subtest: parseTelemetryFromNotes reads new numeric coverage fields
ok 65 - parseTelemetryFromNotes reads new numeric coverage fields
  ---
  duration_ms: 0.100209
  type: 'test'
  ...
# Subtest: parseTelemetryMetaFromNotes reads raw diagnostic strings
ok 66 - parseTelemetryMetaFromNotes reads raw diagnostic strings
  ---
  duration_ms: 0.055041
  type: 'test'
  ...
# Subtest: parseTakeParam normalizes invalid, float, and oversized values
ok 67 - parseTakeParam normalizes invalid, float, and oversized values
  ---
  duration_ms: 0.042458
  type: 'test'
  ...
# Subtest: parseSkipParam accepts only positive integers
ok 68 - parseSkipParam accepts only positive integers
  ---
  duration_ms: 0.030792
  type: 'test'
  ...
# Subtest: runSubmitTransactionWithRetry retries once for non-payload unique conflicts
ok 69 - runSubmitTransactionWithRetry retries once for non-payload unique conflicts
  ---
  duration_ms: 0.096209
  type: 'test'
  ...
# Subtest: runSubmitTransactionWithRetry does not retry payloadHash conflicts
ok 70 - runSubmitTransactionWithRetry does not retry payloadHash conflicts
  ---
  duration_ms: 0.178417
  type: 'test'
  ...
# Subtest: only canonical, plausible submissions can be accepted
ok 71 - only canonical, plausible submissions can be accepted
  ---
  duration_ms: 0.036416
  type: 'test'
  ...
# Subtest: idempotent retry lookup derives the aggregate key from Submission
ok 72 - idempotent retry lookup derives the aggregate key from Submission
  ---
  duration_ms: 0.044792
  type: 'test'
  ...
# Subtest: global workbench search spans advertised text and numeric result fields
ok 73 - global workbench search spans advertised text and numeric result fields
  ---
  duration_ms: 0.095708
  type: 'test'
  ...
# Subtest: workbench CPU and GPU filters remain server-side alongside global search
ok 74 - workbench CPU and GPU filters remain server-side alongside global search
  ---
  duration_ms: 0.185208
  type: 'test'
  ...
# Subtest: hardware encoder classification includes Linux and Raspberry Pi suffixes
ok 75 - hardware encoder classification includes Linux and Raspberry Pi suffixes
  ---
  duration_ms: 0.056042
  type: 'test'
  ...
# Subtest: parseAnalyticsFilters defaults to the canonical comparison slice
ok 76 - parseAnalyticsFilters defaults to the canonical comparison slice
  ---
  duration_ms: 0.110458
  type: 'test'
  ...
# Subtest: parseAnalyticsFilters preserves lossless CRF 0
ok 77 - parseAnalyticsFilters preserves lossless CRF 0
  ---
  duration_ms: 0.030333
  type: 'test'
  ...
# Subtest: GET /analytics/leaderboards uses canonical derived results and an exact immutable Environment scope
ok 78 - GET /analytics/leaderboards uses canonical derived results and an exact immutable Environment scope
  ---
  duration_ms: 27.070042
  type: 'test'
  ...
# Subtest: GET /analytics/leaderboards returns an empty canonical payload when only legacy benchmark rows exist
ok 79 - GET /analytics/leaderboards returns an empty canonical payload when only legacy benchmark rows exist
  ---
  duration_ms: 8.947959
  type: 'test'
  ...
# Subtest: aggregateLeaderboards keeps distinct workload slices separate and enforces minSamples
ok 80 - aggregateLeaderboards keeps distinct workload slices separate and enforces minSamples
  ---
  duration_ms: 0.551
  type: 'test'
  ...
# Subtest: aggregateLeaderboards computes filter-invariant PL v7 only from complete versioned evidence
ok 81 - aggregateLeaderboards computes filter-invariant PL v7 only from complete versioned evidence
  ---
  duration_ms: 0.275792
  type: 'test'
  ...
# Subtest: aggregateLeaderboards keeps hardware-scoped PL rows separate for identical encoder/workload slices
ok 82 - aggregateLeaderboards keeps hardware-scoped PL rows separate for identical encoder/workload slices
  ---
  duration_ms: 0.306292
  type: 'test'
  ...
# Subtest: aggregateHardware computes stable weighted averages within a fixed slice
ok 83 - aggregateHardware computes stable weighted averages within a fixed slice
  ---
  duration_ms: 0.243417
  type: 'test'
  ...
# Subtest: aggregateEncoders keeps preset-specific profiles distinct
ok 84 - aggregateEncoders keeps preset-specific profiles distinct
  ---
  duration_ms: 0.21075
  type: 'test'
  ...
# Subtest: codec family helpers resolve encoder names consistently
ok 85 - codec family helpers resolve encoder names consistently
  ---
  duration_ms: 0.031125
  type: 'test'
  ...
# Subtest: BoundedTtlCache supports multi-key hits and bounded eviction
ok 86 - BoundedTtlCache supports multi-key hits and bounded eviction
  ---
  duration_ms: 0.04675
  type: 'test'
  ...
# Subtest: query cache helper reports bounded size
ok 87 - query cache helper reports bounded size
  ---
  duration_ms: 0.030417
  type: 'test'
  ...
# Subtest: default recommendation evidence policy stays explicitly provisional until PLA-87 calibration
ok 88 - default recommendation evidence policy stays explicitly provisional until PLA-87 calibration
  ---
  duration_ms: 0.452541
  type: 'test'
  ...
# Subtest: uncalibrated default policy never enables a public recommendation
ok 89 - uncalibrated default policy never enables a public recommendation
  ---
  duration_ms: 50.552416
  type: 'test'
  ...
# Subtest: robust centers resist accepted outliers while suspect and invalid runs stay out of canonical PL
ok 90 - robust centers resist accepted outliers while suspect and invalid runs stay out of canonical PL
  ---
  duration_ms: 0.829584
  type: 'test'
  ...
# Subtest: one run and repeated same-physical-source runs remain provisional with unavailable confidence
ok 91 - one run and repeated same-physical-source runs remain provisional with unavailable confidence
  ---
  duration_ms: 5.080209
  type: 'test'
  ...
# Subtest: independent runs raise evidence tier without changing the point estimate
ok 92 - independent runs raise evidence tier without changing the point estimate
  ---
  duration_ms: 14.043791
  type: 'test'
  ...
# Subtest: rebuild is deterministic and returns a derived-result-ready recomputation payload
ok 93 - rebuild is deterministic and returns a derived-result-ready recomputation payload
  ---
  duration_ms: 4.742875
  type: 'test'
  ...
# Subtest: cluster bootstrap resamples independent physical-source centers rather than raw repeats
ok 94 - cluster bootstrap resamples independent physical-source centers rather than raw repeats
  ---
  duration_ms: 9.740459
  type: 'test'
  ...
# Subtest: analysis records rebuild with explicit invalid counts and preserve accepted membership only
ok 95 - analysis records rebuild with explicit invalid counts and preserve accepted membership only
  ---
  duration_ms: 0.276334
  type: 'test'
  ...
# Subtest: analysis status mapping excludes pending and preserves ordering
ok 96 - analysis status mapping excludes pending and preserves ordering
  ---
  duration_ms: 0.241459
  type: 'test'
  ...
# Subtest: persistDerivedResultAggregate upserts derived rows and rewrites member links
ok 97 - persistDerivedResultAggregate upserts derived rows and rewrites member links
  ---
  duration_ms: 0.579125
  type: 'test'
  ...
# Subtest: campaign IDs and environment aliases cannot manufacture independent physical sources
ok 98 - campaign IDs and environment aliases cannot manufacture independent physical sources
  ---
  duration_ms: 0.214583
  type: 'test'
  ...
# Subtest: diagnostic filter inputs restore source cadence after timestamp normalization for both streams
ok 99 - diagnostic filter inputs restore source cadence after timestamp normalization for both streams
  ---
  duration_ms: 0.541833
  type: 'test'
  ...
# Subtest: diagnostic filter inputs reject invalid source cadence before constructing an FFmpeg graph
ok 100 - diagnostic filter inputs reject invalid source cadence before constructing an FFmpeg graph
  ---
  duration_ms: 4.794667
  type: 'test'
  ...
# Subtest: ffprobe MOV-family aliases normalize to the canonical MP4 container
ok 101 - ffprobe MOV-family aliases normalize to the canonical MP4 container
  ---
  duration_ms: 0.108292
  type: 'test'
  ...
# Subtest: ffprobe pixel formats infer component depth instead of chroma digits
ok 102 - ffprobe pixel formats infer component depth instead of chroma digits
  ---
  duration_ms: 0.160584
  type: 'test'
  ...
# Subtest: run creation validates and persists canonical energy domains and decode evidence
ok 103 - run creation validates and persists canonical energy domains and decode evidence
  ---
  duration_ms: 95.446291
  type: 'test'
  ...
# Subtest: run creation rejects mislabeled energy/decode evidence instead of storing arbitrary JSON
ok 104 - run creation rejects mislabeled energy/decode evidence instead of storing arbitrary JSON
  ---
  duration_ms: 20.800458
  type: 'test'
  ...
# Subtest: artifact upload stores client quality as debug only and returns authoritative server analysis
ok 105 - artifact upload stores client quality as debug only and returns authoritative server analysis
  ---
  duration_ms: 161.539917
  type: 'test'
  ...
# Subtest: artifact upload is incrementally streamed across multiple chunks
ok 106 - artifact upload is incrementally streamed across multiple chunks
  ---
  duration_ms: 164.257666
  type: 'test'
  ...
# Subtest: truncated, hash-mismatched, and disconnected streams never publish retained evidence
ok 107 - truncated, hash-mismatched, and disconnected streams never publish retained evidence
  ---
  duration_ms: 130.372458
  type: 'test'
  ...
# Subtest: stream overflow stops consumption and leaves no staged or retained object
ok 108 - stream overflow stops consumption and leaves no staged or retained object
  ---
  duration_ms: 16.579875
  type: 'test'
  ...
# Subtest: duplicate payloads and upload retries remain idempotent without duplicating analyses
ok 109 - duplicate payloads and upload retries remain idempotent without duplicating analyses
  ---
  duration_ms: 8.827542
  type: 'test'
  ...
# Subtest: upload authorization enforces expiry, type, size, overwrite, and rate-ish controls
ok 110 - upload authorization enforces expiry, type, size, overwrite, and rate-ish controls
  ---
  duration_ms: 54.88025
  type: 'test'
  ...
# Subtest: rejected encoded artifact makes the immutable benchmark run non-canonical
ok 111 - rejected encoded artifact makes the immutable benchmark run non-canonical
  ---
  duration_ms: 11.030209
  type: 'test'
  ...
# Subtest: retained artifacts can be reanalyzed with a newer worker version while same-version jobs stay idempotent
ok 112 - retained artifacts can be reanalyzed with a newer worker version while same-version jobs stay idempotent
  ---
  duration_ms: 63.7605
  type: 'test'
  ...
# Subtest: analysis maxAttempts counts executions once and permits the configured third attempt
ok 113 - analysis maxAttempts counts executions once and permits the configured third attempt
  ---
  duration_ms: 63.595541
  type: 'test'
  ...
# Subtest: startup reconciliation resumes durable pending authoritative analysis
ok 114 - startup reconciliation resumes durable pending authoritative analysis
  ---
  duration_ms: 35.65925
  type: 'test'
  ...
# Subtest: authoritative worker concurrency is bounded by configuration
ok 115 - authoritative worker concurrency is bounded by configuration
  ---
  duration_ms: 116.930292
  type: 'test'
  ...
# Subtest: delayed durable claims plus simultaneous kicks still respect authoritative concurrency limits
ok 116 - delayed durable claims plus simultaneous kicks still respect authoritative concurrency limits
  ---
  duration_ms: 243.751958
  type: 'test'
  ...
# Subtest: exhausted authoritative analysis failures remain observable and retry-counted
ok 117 - exhausted authoritative analysis failures remain observable and retry-counted
  ---
  duration_ms: 65.0455
  type: 'test'
  ...
# Subtest: semantic bootstrap rejects non-canonical protocol drift and minimum-client incompatibility
ok 118 - semantic bootstrap rejects non-canonical protocol drift and minimum-client incompatibility
  ---
  duration_ms: 15.743792
  type: 'test'
  ...
# Subtest: default derived recompute callback persists workload derived results from authoritative analyses
ok 119 - default derived recompute callback persists workload derived results from authoritative analyses
  ---
  duration_ms: 1.662666
  type: 'test'
  ...
# Subtest: v7 backup and isolated restore drill bind database and artifact evidence
ok 120 - v7 backup and isolated restore drill bind database and artifact evidence
  ---
  duration_ms: 6.046708
  type: 'test'
  ...
# Subtest: live PostgreSQL and retained object verification rejects relabeled measurements, identities and bytes
ok 121 - live PostgreSQL and retained object verification rejects relabeled measurements, identities and bytes
  ---
  duration_ms: 3782.123166
  type: 'test'
  ...
# Subtest: complete reviewed evidence can pass the explicit production-freeze gate
ok 122 - complete reviewed evidence can pass the explicit production-freeze gate
  ---
  duration_ms: 7.917416
  type: 'test'
  ...
# Subtest: draft evidence reports missing real hardware, reviewers, holdouts, and freeze instead of self-certifying
ok 123 - draft evidence reports missing real hardware, reviewers, holdouts, and freeze instead of self-certifying
  ---
  duration_ms: 4.868542
  type: 'test'
  ...
# Subtest: the same benchmark run cannot leak between calibration and holdout partitions
ok 124 - the same benchmark run cannot leak between calibration and holdout partitions
  ---
  duration_ms: 1.491166
  type: 'test'
  ...
# Subtest: canonical evidence hash detects edits after reviewer sign-off
ok 125 - canonical evidence hash detects edits after reviewer sign-off
  ---
  duration_ms: 36.110167
  type: 'test'
  ...
# Subtest: placeholder decisions and rejected holdouts cannot freeze production policy
ok 126 - placeholder decisions and rejected holdouts cannot freeze production policy
  ---
  duration_ms: 1.591959
  type: 'test'
  ...
# Subtest: knowledgeably reviewed expected SUSPECT evidence can establish a rate-quality point
ok 127 - knowledgeably reviewed expected SUSPECT evidence can establish a rate-quality point
  ---
  duration_ms: 1.687375
  type: 'test'
  ...
# Subtest: checked-in Apple pilot binds exact retained evidence while remaining impossible to freeze
ok 128 - checked-in Apple pilot binds exact retained evidence while remaining impossible to freeze
  ---
  duration_ms: 18.701333
  type: 'test'
  ...
# Subtest: semantic gate rejects empty fitting corpus even after hashes are recomputed
ok 129 - semantic gate rejects empty fitting corpus even after hashes are recomputed
  ---
  duration_ms: 0.921375
  type: 'test'
  ...
# Subtest: semantic gate rejects overlapping holdout groups even after hashes are recomputed
ok 130 - semantic gate rejects overlapping holdout groups even after hashes are recomputed
  ---
  duration_ms: 1.156875
  type: 'test'
  ...
# Subtest: semantic gate rejects identical native RC disguised with fingerprints even after hashes are recomputed
ok 131 - semantic gate rejects identical native RC disguised with fingerprints even after hashes are recomputed
  ---
  duration_ms: 16.484125
  type: 'test'
  ...
# Subtest: semantic gate rejects wrong-family top result even after hashes are recomputed
ok 132 - semantic gate rejects wrong-family top result even after hashes are recomputed
  ---
  duration_ms: 3.286333
  type: 'test'
  ...
# Subtest: semantic gate rejects empty metric review even after hashes are recomputed
ok 133 - semantic gate rejects empty metric review even after hashes are recomputed
  ---
  duration_ms: 10.887084
  type: 'test'
  ...
# Subtest: semantic gate rejects unresolved investigation even after hashes are recomputed
ok 134 - semantic gate rejects unresolved investigation even after hashes are recomputed
  ---
  duration_ms: 3.993208
  type: 'test'
  ...
# Subtest: semantic gate rejects unbound calibrated confidence constants even after hashes are recomputed
ok 135 - semantic gate rejects unbound calibrated confidence constants even after hashes are recomputed
  ---
  duration_ms: 0.856584
  type: 'test'
  ...
# Subtest: Balanced Fit uses the stored canonical PL total and preserves canonical ordering
ok 136 - Balanced Fit uses the stored canonical PL total and preserves canonical ordering
  ---
  duration_ms: 1.538584
  type: 'test'
  ...
# Subtest: environment key is the immutable fingerprint, not a display hardware tuple
ok 137 - environment key is the immutable fingerprint, not a display hardware tuple
  ---
  duration_ms: 41.955917
  type: 'test'
  ...
# Subtest: certification accepts a complete software and hardware authority chain
ok 138 - certification accepts a complete software and hardware authority chain
  ---
  duration_ms: 1.180084
  type: 'test'
  ...
# Subtest: certification rejects client/server evidence without authoritative analysis
ok 139 - certification rejects client/server evidence without authoritative analysis
  ---
  duration_ms: 0.249709
  type: 'test'
  ...
# Subtest: certification rejects a hardware path that never reached aggregation
ok 140 - certification rejects a hardware path that never reached aggregation
  ---
  duration_ms: 0.180125
  type: 'test'
  ...
# Subtest: certification rejects frontend data that differs from the server
ok 141 - certification rejects frontend data that differs from the server
  ---
  duration_ms: 0.085166
  type: 'test'
  ...
# Subtest: certification rejects missing interruption recovery evidence
ok 142 - certification rejects missing interruption recovery evidence
  ---
  duration_ms: 0.103375
  type: 'test'
  ...
# Subtest: certification rejects invalid media that was not explicitly rejected
ok 143 - certification rejects invalid media that was not explicitly rejected
  ---
  duration_ms: 0.04925
  type: 'test'
  ...
# Subtest: certificate checksum manifest cannot hash itself
ok 144 - certificate checksum manifest cannot hash itself
  ---
  duration_ms: 43.2465
  type: 'test'
  ...
# Subtest: certificate records explicit native rate-control settings
ok 145 - certificate records explicit native rate-control settings
  ---
  duration_ms: 25.962708
  type: 'test'
  ...
# Subtest: certificate queries one exact immutable environment and score context
ok 146 - certificate queries one exact immutable environment and score context
  ---
  duration_ms: 14.62925
  type: 'test'
  ...
# Subtest: certificate routes the packaged software path through one-shot upload fault injection
ok 147 - certificate routes the packaged software path through one-shot upload fault injection
  ---
  duration_ms: 12.174292
  type: 'test'
  ...
# Subtest: v7 evidence health is healthy when retained objects and derivations resolve
ok 148 - v7 evidence health is healthy when retained objects and derivations resolve
  ---
  duration_ms: 0.643208
  type: 'test'
  ...
# Subtest: v7 evidence health reports every release-blocking operational condition
ok 149 - v7 evidence health reports every release-blocking operational condition
  ---
  duration_ms: 0.102417
  type: 'test'
  ...
# Subtest: canonicalJsonString sorts nested object keys deterministically
ok 150 - canonicalJsonString sorts nested object keys deterministically
  ---
  duration_ms: 0.469708
  type: 'test'
  ...
# Subtest: buildRecipeFingerprint normalizes aliases, case, and option ordering
ok 151 - buildRecipeFingerprint normalizes aliases, case, and option ordering
  ---
  duration_ms: 0.511792
  type: 'test'
  ...
# Subtest: buildRecipeFingerprint changes for materially different effective recipes
ok 152 - buildRecipeFingerprint changes for materially different effective recipes
  ---
  duration_ms: 0.123834
  type: 'test'
  ...
# Subtest: buildEnvironmentFingerprint normalizes architecture aliases but keeps material driver changes distinct
ok 153 - buildEnvironmentFingerprint normalizes architecture aliases but keeps material driver changes distinct
  ---
  duration_ms: 0.217333
  type: 'test'
  ...
# Subtest: aggregation compatibility key blocks protocol, workload, recipe, environment, or score-context drift
ok 154 - aggregation compatibility key blocks protocol, workload, recipe, environment, or score-context drift
  ---
  duration_ms: 0.09175
  type: 'test'
  ...
# Subtest: derived-result recomputation specs and scope keys are canonical and non-null
ok 155 - derived-result recomputation specs and scope keys are canonical and non-null
  ---
  duration_ms: 2.379667
  type: 'test'
  ...
# Subtest: schema and migration isolate legacy aggregates and require explicit canonical workload identity
ok 156 - schema and migration isolate legacy aggregates and require explicit canonical workload identity
  ---
  duration_ms: 0.538834
  type: 'test'
  ...
# Subtest: legacy compatibility aggregate keeps null workload identities unique
ok 157 - legacy compatibility aggregate keeps null workload identities unique
  ---
  duration_ms: 0.387833
  type: 'test'
  ...
# Subtest: derived membership and bitrate provenance retain exact immutable analysis evidence
ok 158 - derived membership and bitrate provenance retain exact immutable analysis evidence
  ---
  duration_ms: 2.909209
  type: 'test'
  ...
# Subtest: activation plan rejects the checked-in draft calibration for production activation
ok 159 - activation plan rejects the checked-in draft calibration for production activation
  ---
  duration_ms: 58.742167
  type: 'test'
  ...
# Subtest: buildProductionEnvBindings emits hash-bound PL v7 env keys
ok 160 - buildProductionEnvBindings emits hash-bound PL v7 env keys
  ---
  duration_ms: 5.495459
  type: 'test'
  ...
# Subtest: buildActivationPersistencePayloads uses exact analysis membership for workload and general derived results
ok 161 - buildActivationPersistencePayloads uses exact analysis membership for workload and general derived results
  ---
  duration_ms: 0.312417
  type: 'test'
  ...
# Subtest: persistActivationState upserts score contexts and derived results idempotently
ok 162 - persistActivationState upserts score contexts and derived results idempotently
  ---
  duration_ms: 4.849167
  type: 'test'
  ...
# Subtest: validateProductionEnv rejects mismatched or unsafe production env contracts
ok 163 - validateProductionEnv rejects mismatched or unsafe production env contracts
  ---
  duration_ms: 1.941958
  type: 'test'
  ...
# Subtest: parseEnvText ignores comments and preserves explicit values
ok 164 - parseEnvText ignores comments and preserves explicit values
  ---
  duration_ms: 0.199417
  type: 'test'
  ...
# Subtest: production activation doc and deployment wiring mention env validation, activation, backup volume, and migration rehearsal
ok 165 - production activation doc and deployment wiring mention env validation, activation, backup volume, and migration rehearsal
  ---
  duration_ms: 49.437917
  type: 'test'
  ...
# Subtest: activation plan loader accepts repository-relative temp file paths
ok 166 - activation plan loader accepts repository-relative temp file paths
  ---
  duration_ms: 33.061
  type: 'test'
  ...
# Subtest: deployed hash-bound policy survives reload and rejects mismatch without promoting sparse fallback
ok 167 - deployed hash-bound policy survives reload and rejects mismatch without promoting sparse fallback
  ---
  duration_ms: 9.506959
  type: 'test'
  ...
# Subtest: exact-analysis review preserves automatic evidence and fails closed across revocation and reanalysis
ok 168 - exact-analysis review preserves automatic evidence and fails closed across revocation and reanalysis
  ---
  duration_ms: 3.633459
  type: 'test'
  ...
# Subtest: PostgreSQL review append, supersession, dedupe, identity binding and immutable trigger
ok 169 - PostgreSQL review append, supersession, dedupe, identity binding and immutable trigger
  ---
  duration_ms: 4413.747125
  type: 'test'
  ...
# Subtest: all packaged canonical source artifacts match manifest bytes and hashes
ok 170 - all packaged canonical source artifacts match manifest bytes and hashes
  ---
  duration_ms: 1448.378208
  type: 'test'
  ...
# Subtest: authoritative frozen suite exposes seven actual references and retained acquisition
ok 171 - authoritative frozen suite exposes seven actual references and retained acquisition
  ---
  duration_ms: 0.675958
  type: 'test'
  ...
# Subtest: public catalog exposes retained canonical reference identities
ok 172 - public catalog exposes retained canonical reference identities
  ---
  duration_ms: 0.198833
  type: 'test'
  ...
# Subtest: parseSuiteManifest rejects invalid canonical coverage and corrupted clip evidence
ok 173 - parseSuiteManifest rejects invalid canonical coverage and corrupted clip evidence
  ---
  duration_ms: 20.495792
  type: 'test'
  ...
# Subtest: parseSuiteManifest accepts reviewed retained-reference provenance for future frozen suites
ok 174 - parseSuiteManifest accepts reviewed retained-reference provenance for future frozen suites
  ---
  duration_ms: 0.472791
  type: 'test'
  ...
# Subtest: buildSuiteTestClipUpsertArgs preserves immutable reference evidence exactly
ok 175 - buildSuiteTestClipUpsertArgs preserves immutable reference evidence exactly
  ---
  duration_ms: 0.230625
  type: 'test'
  ...
# Subtest: upsertSuiteTestClips persists every canonical suite clip once
ok 176 - upsertSuiteTestClips persists every canonical suite clip once
  ---
  duration_ms: 0.8
  type: 'test'
  ...
# Subtest: normalizeEnergyDomains derives per-work energy only for compatible labeled counters
ok 177 - normalizeEnergyDomains derives per-work energy only for compatible labeled counters
  ---
  duration_ms: 0.691625
  type: 'test'
  ...
# Subtest: normalizeEnergyDomains handles counter wrap and rejects mislabeled counters
ok 178 - normalizeEnergyDomains handles counter wrap and rejects mislabeled counters
  ---
  duration_ms: 0.23725
  type: 'test'
  ...
# Subtest: normalizeDecodeBenchmark distinguishes deterministic complete runs from deferred ones
ok 179 - normalizeDecodeBenchmark distinguishes deterministic complete runs from deferred ones
  ---
  duration_ms: 0.119125
  type: 'test'
  ...
# Subtest: normalizeDecodeBenchmark requires rationale for non-complete statuses
ok 180 - normalizeDecodeBenchmark requires rationale for non-complete statuses
  ---
  duration_ms: 0.359667
  type: 'test'
  ...
1..180
# tests 180
# suites 0
# pass 180
# fail 0
# cancelled 0
# skipped 0
# todo 0
# duration_ms 5388.595417
