Backup space preflight: artifactBytes=8192, requiredBytes=1073758208, availableBytes=1574459801600
Quiescing writer services for backup consistency (downtime begins): server
 Container encodingdb-candidate-730de3c-server-1 Stopping 
 Container encodingdb-candidate-730de3c-server-1 Stopped 
{"ok":true,"artifactCount":0,"derivedMemberCount":0,"publicCorpusGroupCount":0}
{"kind":"backup-inventory-resource-use","cgroupPeakMemoryBytes":20140032,"nodeMaxRssBytes":69206016}
Restarting exact quiesced writer containers: server
Writer quiescence duration seconds: 24
{"kind": "backup-archive-stream", "compressionLevel": 0, "inputBytes": 10240, "elapsedSeconds": 0.011716298991814256}
PL-v7 backup created: /mnt/NVME/docker/encodingdb-operations/20260914-candidate-730de3c/operation-evidence/native-b3ef24a/pre-update-backups/backup-20260920T034636Z-1932911
Backup supervisor: exit=0, elapsedSeconds=26.203
artifacts.tar.gz: OK
database.dump: OK
inventory.json: OK
{"ok":true,"artifactCount":0,"derivedMemberCount":0,"publicCorpusGroupCount":0}
{"kind":"backup-inventory-resource-use","cgroupPeakMemoryBytes":19464192,"nodeMaxRssBytes":68485120}
PL-v7 isolated restore drill passed
Restore supervisor: exit=0, elapsedSeconds=6.630
	Command being timed: "bash /mnt/NVME/docker/encodingdb-operations/20260914-candidate-730de3c/operation-evidence/native-b3ef24a/backup-tools/scripts/v7-scheduled-backup.sh"
	User time (seconds): 1.45
	System time (seconds): 1.36
	Percent of CPU this job got: 8%
	Elapsed (wall clock) time (h:mm:ss or m:ss): 0:33.06
	Average shared text size (kbytes): 0
	Average unshared data size (kbytes): 0
	Average stack size (kbytes): 0
	Average total size (kbytes): 0
	Maximum resident set size (kbytes): 28160
	Average resident set size (kbytes): 0
	Major (requiring I/O) page faults: 2
	Minor (reclaiming a frame) page faults: 154431
	Voluntary context switches: 23796
	Involuntary context switches: 700
	Swaps: 0
	File system inputs: 890
	File system outputs: 20
	Socket messages sent: 0
	Socket messages received: 0
	Signals delivered: 0
	Page size (bytes): 4096
	Exit status: 0
